../Core/Src/main.c:102:17:millis	8	static
../Core/Src/main.c:118:20:esc_apply_hw	8	static
../Core/Src/main.c:123:13:esc_init	8	static
../Core/Src/main.c:130:13:esc_set_us	16	static
../Core/Src/main.c:150:20:adc_try_start	8	static
../Core/Src/main.c:158:20:adc_compute_mv	184	static
../Core/Src/main.c:197:6:comm_on_frame	184	static
../Core/Src/main.c:287:13:telemetry_service	152	static
../Core/Src/main.c:341:6:HAL_TIM_IC_CaptureCallback	24	static
../Core/Src/main.c:414:5:main	16	static
../Core/Src/main.c:488:6:SystemClock_Config	96	static
../Core/Src/main.c:542:6:Error_Handler	8	static,ignoring_inline_asm
