Archive member included to satisfy reference by file (symbol)

C:/ST/STM32CubeIDE_1.15.0/STM32CubeIDE/plugins/com.st.stm32cube.ide.mcu.externaltools.gnu-tools-for-stm32.13.3.rel1.win32_1.0.0.202411081344/tools/bin/../lib/gcc/arm-none-eabi/13.3.1/../../../../arm-none-eabi/lib/thumb/v6-m/nofp\libc_nano.a(libc_a-exit.o)
                              C:/ST/STM32CubeIDE_1.15.0/STM32CubeIDE/plugins/com.st.stm32cube.ide.mcu.externaltools.gnu-tools-for-stm32.13.3.rel1.win32_1.0.0.202411081344/tools/bin/../lib/gcc/arm-none-eabi/13.3.1/../../../../arm-none-eabi/lib/thumb/v6-m/nofp/crt0.o (exit)
C:/ST/STM32CubeIDE_1.15.0/STM32CubeIDE/plugins/com.st.stm32cube.ide.mcu.externaltools.gnu-tools-for-stm32.13.3.rel1.win32_1.0.0.202411081344/tools/bin/../lib/gcc/arm-none-eabi/13.3.1/../../../../arm-none-eabi/lib/thumb/v6-m/nofp\libc_nano.a(libc_a-findfp.o)
                              C:/ST/STM32CubeIDE_1.15.0/STM32CubeIDE/plugins/com.st.stm32cube.ide.mcu.externaltools.gnu-tools-for-stm32.13.3.rel1.win32_1.0.0.202411081344/tools/bin/../lib/gcc/arm-none-eabi/13.3.1/../../../../arm-none-eabi/lib/thumb/v6-m/nofp\libc_nano.a(libc_a-exit.o) (__stdio_exit_handler)
C:/ST/STM32CubeIDE_1.15.0/STM32CubeIDE/plugins/com.st.stm32cube.ide.mcu.externaltools.gnu-tools-for-stm32.13.3.rel1.win32_1.0.0.202411081344/tools/bin/../lib/gcc/arm-none-eabi/13.3.1/../../../../arm-none-eabi/lib/thumb/v6-m/nofp\libc_nano.a(libc_a-fwalk.o)
                              C:/ST/STM32CubeIDE_1.15.0/STM32CubeIDE/plugins/com.st.stm32cube.ide.mcu.externaltools.gnu-tools-for-stm32.13.3.rel1.win32_1.0.0.202411081344/tools/bin/../lib/gcc/arm-none-eabi/13.3.1/../../../../arm-none-eabi/lib/thumb/v6-m/nofp\libc_nano.a(libc_a-findfp.o) (_fwalk_sglue)
C:/ST/STM32CubeIDE_1.15.0/STM32CubeIDE/plugins/com.st.stm32cube.ide.mcu.externaltools.gnu-tools-for-stm32.13.3.rel1.win32_1.0.0.202411081344/tools/bin/../lib/gcc/arm-none-eabi/13.3.1/../../../../arm-none-eabi/lib/thumb/v6-m/nofp\libc_nano.a(libc_a-stdio.o)
                              C:/ST/STM32CubeIDE_1.15.0/STM32CubeIDE/plugins/com.st.stm32cube.ide.mcu.externaltools.gnu-tools-for-stm32.13.3.rel1.win32_1.0.0.202411081344/tools/bin/../lib/gcc/arm-none-eabi/13.3.1/../../../../arm-none-eabi/lib/thumb/v6-m/nofp\libc_nano.a(libc_a-findfp.o) (__sread)
C:/ST/STM32CubeIDE_1.15.0/STM32CubeIDE/plugins/com.st.stm32cube.ide.mcu.externaltools.gnu-tools-for-stm32.13.3.rel1.win32_1.0.0.202411081344/tools/bin/../lib/gcc/arm-none-eabi/13.3.1/../../../../arm-none-eabi/lib/thumb/v6-m/nofp\libc_nano.a(libc_a-memset.o)
                              C:/ST/STM32CubeIDE_1.15.0/STM32CubeIDE/plugins/com.st.stm32cube.ide.mcu.externaltools.gnu-tools-for-stm32.13.3.rel1.win32_1.0.0.202411081344/tools/bin/../lib/gcc/arm-none-eabi/13.3.1/../../../../arm-none-eabi/lib/thumb/v6-m/nofp/crt0.o (memset)
C:/ST/STM32CubeIDE_1.15.0/STM32CubeIDE/plugins/com.st.stm32cube.ide.mcu.externaltools.gnu-tools-for-stm32.13.3.rel1.win32_1.0.0.202411081344/tools/bin/../lib/gcc/arm-none-eabi/13.3.1/../../../../arm-none-eabi/lib/thumb/v6-m/nofp\libc_nano.a(libc_a-closer.o)
                              C:/ST/STM32CubeIDE_1.15.0/STM32CubeIDE/plugins/com.st.stm32cube.ide.mcu.externaltools.gnu-tools-for-stm32.13.3.rel1.win32_1.0.0.202411081344/tools/bin/../lib/gcc/arm-none-eabi/13.3.1/../../../../arm-none-eabi/lib/thumb/v6-m/nofp\libc_nano.a(libc_a-stdio.o) (_close_r)
C:/ST/STM32CubeIDE_1.15.0/STM32CubeIDE/plugins/com.st.stm32cube.ide.mcu.externaltools.gnu-tools-for-stm32.13.3.rel1.win32_1.0.0.202411081344/tools/bin/../lib/gcc/arm-none-eabi/13.3.1/../../../../arm-none-eabi/lib/thumb/v6-m/nofp\libc_nano.a(libc_a-reent.o)
                              C:/ST/STM32CubeIDE_1.15.0/STM32CubeIDE/plugins/com.st.stm32cube.ide.mcu.externaltools.gnu-tools-for-stm32.13.3.rel1.win32_1.0.0.202411081344/tools/bin/../lib/gcc/arm-none-eabi/13.3.1/../../../../arm-none-eabi/lib/thumb/v6-m/nofp\libc_nano.a(libc_a-closer.o) (errno)
C:/ST/STM32CubeIDE_1.15.0/STM32CubeIDE/plugins/com.st.stm32cube.ide.mcu.externaltools.gnu-tools-for-stm32.13.3.rel1.win32_1.0.0.202411081344/tools/bin/../lib/gcc/arm-none-eabi/13.3.1/../../../../arm-none-eabi/lib/thumb/v6-m/nofp\libc_nano.a(libc_a-impure.o)
                              C:/ST/STM32CubeIDE_1.15.0/STM32CubeIDE/plugins/com.st.stm32cube.ide.mcu.externaltools.gnu-tools-for-stm32.13.3.rel1.win32_1.0.0.202411081344/tools/bin/../lib/gcc/arm-none-eabi/13.3.1/../../../../arm-none-eabi/lib/thumb/v6-m/nofp\libc_nano.a(libc_a-reent.o) (_impure_ptr)
C:/ST/STM32CubeIDE_1.15.0/STM32CubeIDE/plugins/com.st.stm32cube.ide.mcu.externaltools.gnu-tools-for-stm32.13.3.rel1.win32_1.0.0.202411081344/tools/bin/../lib/gcc/arm-none-eabi/13.3.1/../../../../arm-none-eabi/lib/thumb/v6-m/nofp\libc_nano.a(libc_a-lseekr.o)
[...]
Memory Configuration

Name             Origin             Length             Attributes
RAM              0x20000000         0x00001000         xrw
FLASH            0x08000000         0x00008000         xr
*default*        0x00000000         0xffffffff

Linker script and memory map

LOAD C:/ST/STM32CubeIDE_1.15.0/STM32CubeIDE/plugins/com.st.stm32cube.ide.mcu.externaltools.gnu-tools-for-stm32.13.3.rel1.win32_1.0.0.202411081344/tools/bin/../lib/gcc/arm-none-eabi/13.3.1/thumb/v6-m/nofp/crti.o
LOAD C:/ST/STM32CubeIDE_1.15.0/STM32CubeIDE/plugins/com.st.stm32cube.ide.mcu.externaltools.gnu-tools-for-stm32.13.3.rel1.win32_1.0.0.202411081344/tools/bin/../lib/gcc/arm-none-eabi/13.3.1/thumb/v6-m/nofp/crtbegin.o
LOAD C:/ST/STM32CubeIDE_1.15.0/STM32CubeIDE/plugins/com.st.stm32cube.ide.mcu.externaltools.gnu-tools-for-stm32.13.3.rel1.win32_1.0.0.202411081344/tools/bin/../lib/gcc/arm-none-eabi/13.3.1/../../../../arm-none-eabi/lib/thumb/v6-m/nofp/crt0.o
LOAD ./Core/Src/adc.o
LOAD ./Core/Src/comm.o
LOAD ./Core/Src/dma.o
LOAD ./Core/Src/gpio.o
LOAD ./Core/Src/hx711.o
LOAD ./Core/Src/i2c.o
LOAD ./Core/Src/main.o
LOAD ./Core/Src/stm32f0xx_hal_msp.o
LOAD ./Core/Src/stm32f0xx_it.o
LOAD ./Core/Src/syscalls.o
LOAD ./Core/Src/sysmem.o
LOAD ./Core/Src/system_stm32f0xx.o
LOAD ./Core/Src/tim.o
LOAD ./Core/Src/usart.o
LOAD ./Core/Startup/startup_stm32f031k6tx.o
LOAD ./Drivers/STM32F0xx_HAL_Driver/Src/stm32f0xx_hal.o
LOAD ./Drivers/STM32F0xx_HAL_Driver/Src/stm32f0xx_hal_adc.o
LOAD ./Drivers/STM32F0xx_HAL_Driver/Src/stm32f0xx_hal_adc_ex.o
LOAD ./Drivers/STM32F0xx_HAL_Driver/Src/stm32f0xx_hal_cortex.o
LOAD ./Drivers/STM32F0xx_HAL_Driver/Src/stm32f0xx_hal_dma.o
LOAD ./Drivers/STM32F0xx_HAL_Driver/Src/stm32f0xx_hal_exti.o
LOAD ./Drivers/STM32F0xx_HAL_Driver/Src/stm32f0xx_hal_flash.o
LOAD ./Drivers/STM32F0xx_HAL_Driver/Src/stm32f0xx_hal_flash_ex.o
LOAD ./Drivers/STM32F0xx_HAL_Driver/Src/stm32f0xx_hal_gpio.o
LOAD ./Drivers/STM32F0xx_HAL_Driver/Src/stm32f0xx_hal_i2c.o
LOAD ./Drivers/STM32F0xx_HAL_Driver/Src/stm32f0xx_hal_i2c_ex.o
LOAD ./Drivers/STM32F0xx_HAL_Driver/Src/stm32f0xx_hal_pwr.o
LOAD ./Drivers/STM32F0xx_HAL_Driver/Src/stm32f0xx_hal_pwr_ex.o
LOAD ./Drivers/STM32F0xx_HAL_Driver/Src/stm32f0xx_hal_rcc.o
LOAD ./Drivers/STM32F0xx_HAL_Driver/Src/stm32f0xx_hal_rcc_ex.o
LOAD ./Drivers/STM32F0xx_HAL_Driver/Src/stm32f0xx_hal_tim.o
LOAD ./Drivers/STM32F0xx_HAL_Driver/Src/stm32f0xx_hal_tim_ex.o
LOAD ./Drivers/STM32F0xx_HAL_Driver/Src/stm32f0xx_hal_uart.o
LOAD ./Drivers/STM32F0xx_HAL_Driver/Src/stm32f0xx_hal_uart_ex.o
START GROUP
LOAD C:/ST/STM32CubeIDE_1.15.0/STM32CubeIDE/plugins/com.st.stm32cube.ide.mcu.externaltools.gnu-tools-for-stm32.13.3.rel1.win32_1.0.0.202411081344/tools/bin/../lib/gcc/arm-none-eabi/13.3.1/../../../../arm-none-eabi/lib/thumb/v6-m/nofp\libc_nano.a
LOAD C:/ST/STM32CubeIDE_1.15.0/STM32CubeIDE/plugins/com.st.stm32cube.ide.mcu.externaltools.gnu-tools-for-stm32.13.3.rel1.win32_1.0.0.202411081344/tools/bin/../lib/gcc/arm-none-eabi/13.3.1/../../../../arm-none-eabi/lib/thumb/v6-m/nofp\libm.a
END GROUP
START GROUP
LOAD C:/ST/STM32CubeIDE_1.15.0/STM32CubeIDE/plugins/com.st.stm32cube.ide.mcu.externaltools.gnu-tools-for-stm32.13.3.rel1.win32_1.0.0.202411081344/tools/bin/../lib/gcc/arm-none-eabi/13.3.1/thumb/v6-m/nofp\libgcc.a
LOAD C:/ST/STM32CubeIDE_1.15.0/STM32CubeIDE/plugins/com.st.stm32cube.ide.mcu.externaltools.gnu-tools-for-stm32.13.3.rel1.win32_1.0.0.202411081344/tools/bin/../lib/gcc/arm-none-eabi/13.3.1/../../../../arm-none-eabi/lib/thumb/v6-m/nofp\libc_nano.a
END GROUP
START GROUP
LOAD C:/ST/STM32CubeIDE_1.15.0/STM32CubeIDE/plugins/com.st.stm32cube.ide.mcu.externaltools.gnu-tools-for-stm32.13.3.rel1.win32_1.0.0.202411081344/tools/bin/../lib/gcc/arm-none-eabi/13.3.1/thumb/v6-m/nofp\libgcc.a
LOAD C:/ST/STM32CubeIDE_1.15.0/STM32CubeIDE/plugins/com.st.stm32cube.ide.mcu.externaltools.gnu-tools-for-stm32.13.3.rel1.win32_1.0.0.202411081344/tools/bin/../lib/gcc/arm-none-eabi/13.3.1/../../../../arm-none-eabi/lib/thumb/v6-m/nofp\libc_nano.a
LOAD C:/ST/STM32CubeIDE_1.15.0/STM32CubeIDE/plugins/com.st.stm32cube.ide.mcu.externaltools.gnu-tools-for-stm32.13.3.rel1.win32_1.0.0.202411081344/tools/bin/../lib/gcc/arm-none-eabi/13.3.1/../../../../arm-none-eabi/lib/thumb/v6-m/nofp\libnosys.a
END GROUP
START GROUP
LOAD C:/ST/STM32CubeIDE_1.15.0/STM32CubeIDE/plugins/com.st.stm32cube.ide.mcu.externaltools.gnu-tools-for-stm32.13.3.rel1.win32_1.0.0.202411081344/tools/bin/../lib/gcc/arm-none-eabi/13.3.1/thumb/v6-m/nofp\libgcc.a
LOAD C:/ST/STM32CubeIDE_1.15.0/STM32CubeIDE/plugins/com.st.stm32cube.ide.mcu.externaltools.gnu-tools-for-stm32.13.3.rel1.win32_1.0.0.202411081344/tools/bin/../lib/gcc/arm-none-eabi/13.3.1/../../../../arm-none-eabi/lib/thumb/v6-m/nofp\libc_nano.a
LOAD C:/ST/STM32CubeIDE_1.15.0/STM32CubeIDE/plugins/com.st.stm32cube.ide.mcu.externaltools.gnu-tools-for-stm32.13.3.rel1.win32_1.0.0.202411081344/tools/bin/../lib/gcc/arm-none-eabi/13.3.1/../../../../arm-none-eabi/lib/thumb/v6-m/nofp\libnosys.a
END GROUP
LOAD C:/ST/STM32CubeIDE_1.15.0/STM32CubeIDE/plugins/com.st.stm32cube.ide.mcu.externaltools.gnu-tools-for-stm32.13.3.rel1.win32_1.0.0.202411081344/tools/bin/../lib/gcc/arm-none-eabi/13.3.1/thumb/v6-m/nofp/crtend.o
LOAD C:/ST/STM32CubeIDE_1.15.0/STM32CubeIDE/plugins/com.st.stm32cube.ide.mcu.externaltools.gnu-tools-for-stm32.13.3.rel1.win32_1.0.0.202411081344/tools/bin/../lib/gcc/arm-none-eabi/13.3.1/thumb/v6-m/nofp/crtn.o
                0x20001000                        _estack = (ORIGIN (RAM) + LENGTH (RAM))
                0x00000200                        _Min_Heap_Size = 0x200
                0x00000400                        _Min_Stack_Size = 0x400

.isr_vector     0x08000000       0xc0
                0x08000000                        . = ALIGN (0x4)
 *(.isr_vector)
 .isr_vector    0x08000000       0xc0 ./Core/Startup/startup_stm32f031k6tx.o
                0x08000000                g_pfnVectors
                0x080000c0                        . = ALIGN (0x4)

.text           0x080000c0     0x7bc4
                0x080000c0                        . = ALIGN (0x4)
 *(.text)
 .text          0x080000c0       0x48 C:/ST/STM32CubeIDE_1.15.0/STM32CubeIDE/plugins/com.st.stm32cube.ide.mcu.externaltools.gnu-tools-for-stm32.13.3.rel1.win32_1.0.0.202411081344/tools/bin/../lib/gcc/arm-none-eabi/13.3.1/thumb/v6-m/nofp/crtbegin.o
 .text          0x08000108      0x114 C:/ST/STM32CubeIDE_1.15.0/STM32CubeIDE/plugins/com.st.stm32cube.ide.mcu.externaltools.gnu-tools-for-stm32.13.3.rel1.win32_1.0.0.202411081344/tools/bin/../lib/gcc/arm-none-eabi/13.3.1/thumb/v6-m/nofp\libgcc.a(_udivsi3.o)
                0x08000108                __aeabi_uidiv
                0x08000108                __udivsi3
                0x08000214                __aeabi_uidivmod
 .text          0x0800021c        0x4 C:/ST/STM32CubeIDE_1.15.0/STM32CubeIDE/plugins/com.st.stm32cube.ide.mcu.externaltools.gnu-tools-for-stm32.13.3.rel1.win32_1.0.0.202411081344/tools/bin/../lib/gcc/arm-none-eabi/13.3.1/thumb/v6-m/nofp\libgcc.a(_dvmd_tls.o)
                0x0800021c                __aeabi_idiv0
                0x0800021c                __aeabi_ldiv0
 .text          0x08000220       0x48 C:/ST/STM32CubeIDE_1.15.0/STM32CubeIDE/plugins/com.st.stm32cube.ide.mcu.externaltools.gnu-tools-for-stm32.13.3.rel1.win32_1.0.0.202411081344/tools/bin/../lib/gcc/arm-none-eabi/13.3.1/thumb/v6-m/nofp\libgcc.a(_aeabi_ldivmod.o)
                0x08000220                __aeabi_ldivmod
 .text          0x08000268       0x40 C:/ST/STM32CubeIDE_1.15.0/STM32CubeIDE/plugins/com.st.stm32cube.ide.mcu.externaltools.gnu-tools-for-stm32.13.3.rel1.win32_1.0.0.202411081344/tools/bin/../lib/gcc/arm-none-eabi/13.3.1/thumb/v6-m/nofp\libgcc.a(_aeabi_uldivmod.o)
                0x08000268                __aeabi_uldivmod
 .text          0x080002a8       0x5c C:/ST/STM32CubeIDE_1.15.0/STM32CubeIDE/plugins/com.st.stm32cube.ide.mcu.externaltools.gnu-tools-for-stm32.13.3.rel1.win32_1.0.0.202411081344/tools/bin/../lib/gcc/arm-none-eabi/13.3.1/thumb/v6-m/nofp\libgcc.a(_muldi3.o)
                0x080002a8                __muldi3
                0x080002a8                __aeabi_lmul
 .text          0x08000304      0x198 C:/ST/STM32CubeIDE_1.15.0/STM32CubeIDE/plugins/com.st.stm32cube.ide.mcu.externaltools.gnu-tools-for-stm32.13.3.rel1.win32_1.0.0.202411081344/tools/bin/../lib/gcc/arm-none-eabi/13.3.1/thumb/v6-m/nofp\libgcc.a(_udivmoddi4.o)
                0x08000304                __udivmoddi4
 .text          0x0800049c       0x3c C:/ST/STM32CubeIDE_1.15.0/STM32CubeIDE/plugins/com.st.stm32cube.ide.mcu.externaltools.gnu-tools-for-stm32.13.3.rel1.win32_1.0.0.202411081344/tools/bin/../lib/gcc/arm-none-eabi/13.3.1/thumb/v6-m/nofp\libgcc.a(bpabi.o)
                0x0800049c                __gnu_ldivmod_helper
 .text          0x080004d8      0x22c C:/ST/STM32CubeIDE_1.15.0/STM32CubeIDE/plugins/com.st.stm32cube.ide.mcu.externaltools.gnu-tools-for-stm32.13.3.rel1.win32_1.0.0.202411081344/tools/bin/../lib/gcc/arm-none-eabi/13.3.1/thumb/v6-m/nofp\libgcc.a(divsf3.o)
                0x080004d8                __aeabi_fdiv
 .text          0x08000704       0x8c C:/ST/STM32CubeIDE_1.15.0/STM32CubeIDE/plugins/com.st.stm32cube.ide.mcu.externaltools.gnu-tools-for-stm32.13.3.rel1.win32_1.0.0.202411081344/tools/bin/../lib/gcc/arm-none-eabi/13.3.1/thumb/v6-m/nofp\libgcc.a(floatunsisf.o)
                0x08000704                __aeabi_ui2f
 .text          0x08000790       0x3c C:/ST/STM32CubeIDE_1.15.0/STM32CubeIDE/plugins/com.st.stm32cube.ide.mcu.externaltools.gnu-tools-for-stm32.13.3.rel1.win32_1.0.0.202411081344/tools/bin/../lib/gcc/arm-none-eabi/13.3.1/thumb/v6-m/nofp\libgcc.a(_clzsi2.o)
                0x08000790                __clzsi2
 .text          0x080007cc       0x18 C:/ST/STM32CubeIDE_1.15.0/STM32CubeIDE/plugins/com.st.stm32cube.ide.mcu.externaltools.gnu-tools-for-stm32.13.3.rel1.win32_1.0.0.202411081344/tools/bin/../lib/gcc/arm-none-eabi/13.3.1/thumb/v6-m/nofp\libgcc.a(_clzdi2.o)
                0x080007cc                __clzdi2
 .text          0x080007e4      0x1d8 C:/ST/STM32CubeIDE_1.15.0/STM32CubeIDE/plugins/com.st.stm32cube.ide.mcu.externaltools.gnu-tools-for-stm32.13.3.rel1.win32_1.0.0.202411081344/tools/bin/../lib/gcc/arm-none-eabi/13.3.1/thumb/v6-m/nofp\libgcc.a(_divdi3.o)
                0x080007e4                __divdi3
 *(.text*)
 .text.MX_ADC_Init
                0x080009bc      0x11c ./Core/Src/adc.o
                0x080009bc                MX_ADC_Init
 .text.HAL_ADC_MspInit
                0x08000ad8       0xe4 ./Core/Src/adc.o
                0x08000ad8                HAL_ADC_MspInit
 .text.on_tx_done
                0x08000bbc       0x14 ./Core/Src/comm.o
 .text.HAL_UART_TxCpltCallback
                0x08000bd0       0x24 ./Core/Src/comm.o
                0x08000bd0                HAL_UART_TxCpltCallback
 .text.put_u16le
                0x08000bf4       0x30 ./Core/Src/comm.o
 .text.put_u32le
                0x08000c24       0x3e ./Core/Src/comm.o
 .text.tlv_put_u32
                0x08000c62       0x72 ./Core/Src/comm.o
                0x08000c62                tlv_put_u32
 .text.tlv_put_i32
                0x08000cd4       0x72 ./Core/Src/comm.o
                0x08000cd4                tlv_put_i32
 .text.crc32c   0x08000d46       0x7a ./Core/Src/comm.o
 .text.dma_head_now
                0x08000dc0       0x34 ./Core/Src/comm.o
 .text.circ_peek
                0x08000df4       0x24 ./Core/Src/comm.o
 .text.circ_read
                0x08000e18       0x50 ./Core/Src/comm.o
 .text.have_bytes
                0x08000e68       0x60 ./Core/Src/comm.o
 .text.read_u16le_circ
                0x08000ec8       0x52 ./Core/Src/comm.o
 .text.tlv_find_u32
                0x08000f1a      0x102 ./Core/Src/comm.o
                0x08000f1a                tlv_find_u32
 .text.tlv_put_u64
                0x0800101c      0x104 ./Core/Src/comm.o
                0x0800101c                tlv_put_u64
 .text.tlv_find_u64
                0x08001120      0x2e4 ./Core/Src/comm.o
                0x08001120                tlv_find_u64
 .text.next_seq
                0x08001404       0x20 ./Core/Src/comm.o
 .text.comm_send
                0x08001424      0x168 ./Core/Src/comm.o
                0x08001424                comm_send
 .text.comm_init
                0x0800158c       0x58 ./Core/Src/comm.o
                0x0800158c                comm_init
 .text.comm_on_uart_idle_irq
                0x080015e4       0x28 ./Core/Src/comm.o
                0x080015e4                comm_on_uart_idle_irq
 .text.deliver_checked
                0x0800160c      0x132 ./Core/Src/comm.o
 *fill*         0x0800173e        0x2 
 .text.comm_poll
                0x08001740      0x194 ./Core/Src/comm.o
                0x08001740                comm_poll
 .text.MX_DMA_Init
                0x080018d4       0x4c ./Core/Src/dma.o
                0x080018d4                MX_DMA_Init
 .text.MX_GPIO_Init
                0x08001920       0xcc ./Core/Src/gpio.o
                0x08001920                MX_GPIO_Init
 .text.hx711_udelay_ticks
                0x080019ec       0x28 ./Core/Src/hx711.o
 .text.hx711_sck_high
                0x08001a14       0x1c ./Core/Src/hx711.o
 .text.hx711_sck_low
                0x08001a30       0x1c ./Core/Src/hx711.o
 .text.hx711_dout
                0x08001a4c       0x20 ./Core/Src/hx711.o
 .text.hx711_dout_level
                0x08001a6c       0x10 ./Core/Src/hx711.o
                0x08001a6c                hx711_dout_level
 .text.hx711_init
                0x08001a7c        0xe ./Core/Src/hx711.o
                0x08001a7c                hx711_init
 .text.hx711_read_raw
                0x08001a8a       0xa8 ./Core/Src/hx711.o
                0x08001a8a                hx711_read_raw
 *fill*         0x08001b32        0x2 
 .text.MX_I2C1_Init
                0x08001b34       0x80 ./Core/Src/i2c.o
                0x08001b34                MX_I2C1_Init
 .text.HAL_I2C_MspInit
                0x08001bb4       0xe4 ./Core/Src/i2c.o
                0x08001bb4                HAL_I2C_MspInit
 .text.esc_apply_hw
                0x08001c98       0x2c ./Core/Src/main.o
 .text.esc_init
                0x08001cc4       0x28 ./Core/Src/main.o
 .text.esc_set_us
                0x08001cec       0x5c ./Core/Src/main.o
 .text.adc_try_start
                0x08001d48       0x64 ./Core/Src/main.o
 .text.adc_compute_mv
                0x08001dac      0x318 ./Core/Src/main.o
 .text.comm_on_frame
                0x080020c4      0x2f4 ./Core/Src/main.o
                0x080020c4                comm_on_frame
 .text.telemetry_service
                0x080023b8      0x224 ./Core/Src/main.o
 .text.HAL_TIM_IC_CaptureCallback
                0x080025dc       0xc8 ./Core/Src/main.o
                0x080025dc                HAL_TIM_IC_CaptureCallback
 .text.main     0x080026a4       0x88 ./Core/Src/main.o
                0x080026a4                main
 .text.SystemClock_Config
                0x0800272c       0xd4 ./Core/Src/main.o
                0x0800272c                SystemClock_Config
 .text.Error_Handler
                0x08002800        0xc ./Core/Src/main.o
                0x08002800                Error_Handler
 .text.HAL_MspInit
                0x0800280c       0x48 ./Core/Src/stm32f0xx_hal_msp.o
                0x0800280c                HAL_MspInit
 .text.NMI_Handler
                0x08002854        0x8 ./Core/Src/stm32f0xx_it.o
                0x08002854                NMI_Handler
 .text.HardFault_Handler
                0x0800285c        0x8 ./Core/Src/stm32f0xx_it.o
                0x0800285c                HardFault_Handler
 .text.SVC_Handler
                0x08002864        0xa ./Core/Src/stm32f0xx_it.o
                0x08002864                SVC_Handler
 .text.PendSV_Handler
                0x0800286e        0xa ./Core/Src/stm32f0xx_it.o
                0x0800286e                PendSV_Handler
 .text.SysTick_Handler
                0x08002878        0xe ./Core/Src/stm32f0xx_it.o
                0x08002878                SysTick_Handler
 *fill*         0x08002886        0x2 
 .text.DMA1_Channel1_IRQHandler
                0x08002888       0x18 ./Core/Src/stm32f0xx_it.o
                0x08002888                DMA1_Channel1_IRQHandler
 .text.DMA1_Channel2_3_IRQHandler
                0x080028a0       0x24 ./Core/Src/stm32f0xx_it.o
                0x080028a0                DMA1_Channel2_3_IRQHandler
 .text.TIM2_IRQHandler
                0x080028c4       0x18 ./Core/Src/stm32f0xx_it.o
                0x080028c4                TIM2_IRQHandler
 .text.USART1_IRQHandler
                0x080028dc       0x3c ./Core/Src/stm32f0xx_it.o
                0x080028dc                USART1_IRQHandler
 .text.SystemInit
                0x08002918        0xa ./Core/Src/system_stm32f0xx.o
                0x08002918                SystemInit
 *fill*         0x08002922        0x2 
 .text.MX_TIM1_Init
                0x08002924      0x184 ./Core/Src/tim.o
                0x08002924                MX_TIM1_Init
 .text.MX_TIM2_Init
                0x08002aa8       0xd4 ./Core/Src/tim.o
                0x08002aa8                MX_TIM2_Init
 .text.HAL_TIM_Base_MspInit
                0x08002b7c       0x40 ./Core/Src/tim.o
                0x08002b7c                HAL_TIM_Base_MspInit
 .text.HAL_TIM_IC_MspInit
                0x08002bbc       0xec ./Core/Src/tim.o
                0x08002bbc                HAL_TIM_IC_MspInit
 .text.HAL_TIM_MspPostInit
                0x08002ca8       0x80 ./Core/Src/tim.o
                0x08002ca8                HAL_TIM_MspPostInit
 .text.MX_USART1_UART_Init
                0x08002d28       0x60 ./Core/Src/usart.o
                0x08002d28                MX_USART1_UART_Init
 .text.HAL_UART_MspInit
                0x08002d88      0x158 ./Core/Src/usart.o
                0x08002d88                HAL_UART_MspInit
 .text.Reset_Handler
                0x08002ee0       0x50 ./Core/Startup/startup_stm32f031k6tx.o
                0x08002ee0                Reset_Handler
 .text.Default_Handler
                0x08002f30        0x2 ./Core/Startup/startup_stm32f031k6tx.o
                0x08002f30                TIM1_CC_IRQHandler
                0x08002f30                PVD_IRQHandler
                0x08002f30                I2C1_IRQHandler
                0x08002f30                SPI1_IRQHandler
                0x08002f30                EXTI2_3_IRQHandler
                0x08002f30                ADC1_IRQHandler
                0x08002f30                TIM17_IRQHandler
                0x08002f30                RTC_IRQHandler
                0x08002f30                TIM16_IRQHandler
                0x08002f30                TIM3_IRQHandler
                0x08002f30                EXTI4_15_IRQHandler
                0x08002f30                RCC_IRQHandler
                0x08002f30                Default_Handler
                0x08002f30                TIM14_IRQHandler
                0x08002f30                DMA1_Channel4_5_IRQHandler
                0x08002f30                EXTI0_1_IRQHandler
                0x08002f30                WWDG_IRQHandler
                0x08002f30                FLASH_IRQHandler
                0x08002f30                TIM1_BRK_UP_TRG_COM_IRQHandler
 *fill*         0x08002f32        0x2 
 .text.HAL_Init
                0x08002f34       0x28 ./Drivers/STM32F0xx_HAL_Driver/Src/stm32f0xx_hal.o
                0x08002f34                HAL_Init
 .text.HAL_InitTick
                0x08002f5c       0x68 ./Drivers/STM32F0xx_HAL_Driver/Src/stm32f0xx_hal.o
                0x08002f5c                HAL_InitTick
 .text.HAL_IncTick
                0x08002fc4       0x24 ./Drivers/STM32F0xx_HAL_Driver/Src/stm32f0xx_hal.o
                0x08002fc4                HAL_IncTick
 .text.HAL_GetTick
                0x08002fe8       0x14 ./Drivers/STM32F0xx_HAL_Driver/Src/stm32f0xx_hal.o
                0x08002fe8                HAL_GetTick
 .text.HAL_ADC_Init
                0x08002ffc      0x280 ./Drivers/STM32F0xx_HAL_Driver/Src/stm32f0xx_hal_adc.o
                0x08002ffc                HAL_ADC_Init
 .text.HAL_ADC_Start_DMA
                0x0800327c      0x104 ./Drivers/STM32F0xx_HAL_Driver/Src/stm32f0xx_hal_adc.o
                0x0800327c                HAL_ADC_Start_DMA
 .text.HAL_ADC_Stop_DMA
                0x08003380       0xec ./Drivers/STM32F0xx_HAL_Driver/Src/stm32f0xx_hal_adc.o
                0x08003380                HAL_ADC_Stop_DMA
 .text.HAL_ADC_ConvCpltCallback
                0x0800346c       0x10 ./Drivers/STM32F0xx_HAL_Driver/Src/stm32f0xx_hal_adc.o
                0x0800346c                HAL_ADC_ConvCpltCallback
 .text.HAL_ADC_ConvHalfCpltCallback
                0x0800347c       0x10 ./Drivers/STM32F0xx_HAL_Driver/Src/stm32f0xx_hal_adc.o
                0x0800347c                HAL_ADC_ConvHalfCpltCallback
 .text.HAL_ADC_ErrorCallback
                0x0800348c       0x10 ./Drivers/STM32F0xx_HAL_Driver/Src/stm32f0xx_hal_adc.o
                0x0800348c                HAL_ADC_ErrorCallback
 .text.HAL_ADC_ConfigChannel
                0x0800349c      0x21c ./Drivers/STM32F0xx_HAL_Driver/Src/stm32f0xx_hal_adc.o
                0x0800349c                HAL_ADC_ConfigChannel
 .text.ADC_Enable
                0x080036b8      0x108 ./Drivers/STM32F0xx_HAL_Driver/Src/stm32f0xx_hal_adc.o
 .text.ADC_Disable
                0x080037c0       0xe2 ./Drivers/STM32F0xx_HAL_Driver/Src/stm32f0xx_hal_adc.o
 .text.ADC_ConversionStop
                0x080038a2       0x98 ./Drivers/STM32F0xx_HAL_Driver/Src/stm32f0xx_hal_adc.o
 *fill*         0x0800393a        0x2 
 .text.ADC_DMAConvCplt
                0x0800393c       0xb4 ./Drivers/STM32F0xx_HAL_Driver/Src/stm32f0xx_hal_adc.o
 .text.ADC_DMAHalfConvCplt
                0x080039f0       0x1e ./Drivers/STM32F0xx_HAL_Driver/Src/stm32f0xx_hal_adc.o
 .text.ADC_DMAError
                0x08003a0e       0x36 ./Drivers/STM32F0xx_HAL_Driver/Src/stm32f0xx_hal_adc.o
 .text.HAL_ADCEx_Calibration_Start
                0x08003a44      0x150 ./Drivers/STM32F0xx_HAL_Driver/Src/stm32f0xx_hal_adc_ex.o
                0x08003a44                HAL_ADCEx_Calibration_Start
 .text.__NVIC_EnableIRQ
                0x08003b94       0x34 ./Drivers/STM32F0xx_HAL_Driver/Src/stm32f0xx_hal_cortex.o
 .text.__NVIC_SetPriority
                0x08003bc8       0xdc ./Drivers/STM32F0xx_HAL_Driver/Src/stm32f0xx_hal_cortex.o
 .text.SysTick_Config
                0x08003ca4       0x48 ./Drivers/STM32F0xx_HAL_Driver/Src/stm32f0xx_hal_cortex.o
 .text.HAL_NVIC_SetPriority
                0x08003cec       0x2a ./Drivers/STM32F0xx_HAL_Driver/Src/stm32f0xx_hal_cortex.o
                0x08003cec                HAL_NVIC_SetPriority
 .text.HAL_NVIC_EnableIRQ
                0x08003d16       0x20 ./Drivers/STM32F0xx_HAL_Driver/Src/stm32f0xx_hal_cortex.o
                0x08003d16                HAL_NVIC_EnableIRQ
 .text.HAL_SYSTICK_Config
                0x08003d36       0x1a ./Drivers/STM32F0xx_HAL_Driver/Src/stm32f0xx_hal_cortex.o
                0x08003d36                HAL_SYSTICK_Config
 .text.HAL_DMA_Init
                0x08003d50       0x90 ./Drivers/STM32F0xx_HAL_Driver/Src/stm32f0xx_hal_dma.o
                0x08003d50                HAL_DMA_Init
 .text.HAL_DMA_Start_IT
                0x08003de0       0xcc ./Drivers/STM32F0xx_HAL_Driver/Src/stm32f0xx_hal_dma.o
                0x08003de0                HAL_DMA_Start_IT
 .text.HAL_DMA_Abort
                0x08003eac       0x70 ./Drivers/STM32F0xx_HAL_Driver/Src/stm32f0xx_hal_dma.o
                0x08003eac                HAL_DMA_Abort
 .text.HAL_DMA_Abort_IT
                0x08003f1c       0x8a ./Drivers/STM32F0xx_HAL_Driver/Src/stm32f0xx_hal_dma.o
                0x08003f1c                HAL_DMA_Abort_IT
 .text.HAL_DMA_IRQHandler
                0x08003fa6      0x144 ./Drivers/STM32F0xx_HAL_Driver/Src/stm32f0xx_hal_dma.o
                0x08003fa6                HAL_DMA_IRQHandler
 .text.DMA_SetConfig
                0x080040ea       0x58 ./Drivers/STM32F0xx_HAL_Driver/Src/stm32f0xx_hal_dma.o
 *fill*         0x08004142        0x2 
 .text.DMA_CalcBaseAndBitshift
                0x08004144       0x38 ./Drivers/STM32F0xx_HAL_Driver/Src/stm32f0xx_hal_dma.o
 .text.HAL_GPIO_Init
                0x0800417c      0x2d0 ./Drivers/STM32F0xx_HAL_Driver/Src/stm32f0xx_hal_gpio.o
                0x0800417c                HAL_GPIO_Init
 .text.HAL_GPIO_ReadPin
                0x0800444c       0x3a ./Drivers/STM32F0xx_HAL_Driver/Src/stm32f0xx_hal_gpio.o
                0x0800444c                HAL_GPIO_ReadPin
 .text.HAL_GPIO_WritePin
                0x08004486       0x3a ./Drivers/STM32F0xx_HAL_Driver/Src/stm32f0xx_hal_gpio.o
                0x08004486                HAL_GPIO_WritePin
 .text.HAL_I2C_Init
                0x080044c0      0x14c ./Drivers/STM32F0xx_HAL_Driver/Src/stm32f0xx_hal_i2c.o
                0x080044c0                HAL_I2C_Init
 .text.HAL_I2CEx_ConfigAnalogFilter
                0x0800460c       0x98 ./Drivers/STM32F0xx_HAL_Driver/Src/stm32f0xx_hal_i2c_ex.o
                0x0800460c                HAL_I2CEx_ConfigAnalogFilter
 .text.HAL_I2CEx_ConfigDigitalFilter
                0x080046a4       0x98 ./Drivers/STM32F0xx_HAL_Driver/Src/stm32f0xx_hal_i2c_ex.o
                0x080046a4                HAL_I2CEx_ConfigDigitalFilter
 .text.HAL_RCC_OscConfig
                0x0800473c      0x634 ./Drivers/STM32F0xx_HAL_Driver/Src/stm32f0xx_hal_rcc.o
                0x0800473c                HAL_RCC_OscConfig
 .text.HAL_RCC_ClockConfig
                0x08004d70      0x19c ./Drivers/STM32F0xx_HAL_Driver/Src/stm32f0xx_hal_rcc.o
                0x08004d70                HAL_RCC_ClockConfig
 .text.HAL_RCC_GetSysClockFreq
                0x08004f0c       0xb0 ./Drivers/STM32F0xx_HAL_Driver/Src/stm32f0xx_hal_rcc.o
                0x08004f0c                HAL_RCC_GetSysClockFreq
 .text.HAL_RCC_GetHCLKFreq
                0x08004fbc       0x14 ./Drivers/STM32F0xx_HAL_Driver/Src/stm32f0xx_hal_rcc.o
                0x08004fbc                HAL_RCC_GetHCLKFreq
 .text.HAL_RCC_GetPCLK1Freq
                0x08004fd0       0x2c ./Drivers/STM32F0xx_HAL_Driver/Src/stm32f0xx_hal_rcc.o
                0x08004fd0                HAL_RCC_GetPCLK1Freq
 .text.HAL_RCCEx_PeriphCLKConfig
                0x08004ffc      0x19c ./Drivers/STM32F0xx_HAL_Driver/Src/stm32f0xx_hal_rcc_ex.o
                0x08004ffc                HAL_RCCEx_PeriphCLKConfig
 .text.HAL_TIM_Base_Init
                0x08005198       0xa0 ./Drivers/STM32F0xx_HAL_Driver/Src/stm32f0xx_hal_tim.o
                0x08005198                HAL_TIM_Base_Init
 .text.HAL_TIM_PWM_Init
                0x08005238       0xa0 ./Drivers/STM32F0xx_HAL_Driver/Src/stm32f0xx_hal_tim.o
                0x08005238                HAL_TIM_PWM_Init
 .text.HAL_TIM_PWM_MspInit
                0x080052d8       0x10 ./Drivers/STM32F0xx_HAL_Driver/Src/stm32f0xx_hal_tim.o
                0x080052d8                HAL_TIM_PWM_MspInit
 .text.HAL_TIM_PWM_Start
                0x080052e8      0x158 ./Drivers/STM32F0xx_HAL_Driver/Src/stm32f0xx_hal_tim.o
                0x080052e8                HAL_TIM_PWM_Start
 .text.HAL_TIM_IC_Init
                0x08005440       0xa0 ./Drivers/STM32F0xx_HAL_Driver/Src/stm32f0xx_hal_tim.o
                0x08005440                HAL_TIM_IC_Init
 .text.HAL_TIM_IC_Start_IT
                0x080054e0      0x210 ./Drivers/STM32F0xx_HAL_Driver/Src/stm32f0xx_hal_tim.o
                0x080054e0                HAL_TIM_IC_Start_IT
 .text.HAL_TIM_IRQHandler
                0x080056f0      0x1dc ./Drivers/STM32F0xx_HAL_Driver/Src/stm32f0xx_hal_tim.o
                0x080056f0                HAL_TIM_IRQHandler
 .text.HAL_TIM_IC_ConfigChannel
                0x080058cc      0x148 ./Drivers/STM32F0xx_HAL_Driver/Src/stm32f0xx_hal_tim.o
                0x080058cc                HAL_TIM_IC_ConfigChannel
 .text.HAL_TIM_PWM_ConfigChannel
                0x08005a14      0x18c ./Drivers/STM32F0xx_HAL_Driver/Src/stm32f0xx_hal_tim.o
                0x08005a14                HAL_TIM_PWM_ConfigChannel
 .text.HAL_TIM_ConfigClockSource
                0x08005ba0      0x1a8 ./Drivers/STM32F0xx_HAL_Driver/Src/stm32f0xx_hal_tim.o
                0x08005ba0                HAL_TIM_ConfigClockSource
 .text.HAL_TIM_ReadCapturedValue
                0x08005d48       0x68 ./Drivers/STM32F0xx_HAL_Driver/Src/stm32f0xx_hal_tim.o
                0x08005d48                HAL_TIM_ReadCapturedValue
 .text.HAL_TIM_PeriodElapsedCallback
                0x08005db0       0x10 ./Drivers/STM32F0xx_HAL_Driver/Src/stm32f0xx_hal_tim.o
                0x08005db0                HAL_TIM_PeriodElapsedCallback
 .text.HAL_TIM_OC_DelayElapsedCallback
                0x08005dc0       0x10 ./Drivers/STM32F0xx_HAL_Driver/Src/stm32f0xx_hal_tim.o
                0x08005dc0                HAL_TIM_OC_DelayElapsedCallback
 .text.HAL_TIM_PWM_PulseFinishedCallback
                0x08005dd0       0x10 ./Drivers/STM32F0xx_HAL_Driver/Src/stm32f0xx_hal_tim.o
                0x08005dd0                HAL_TIM_PWM_PulseFinishedCallback
 .text.HAL_TIM_TriggerCallback
                0x08005de0       0x10 ./Drivers/STM32F0xx_HAL_Driver/Src/stm32f0xx_hal_tim.o
                0x08005de0                HAL_TIM_TriggerCallback
 .text.TIM_Base_SetConfig
                0x08005df0      0x108 ./Drivers/STM32F0xx_HAL_Driver/Src/stm32f0xx_hal_tim.o
                0x08005df0                TIM_Base_SetConfig
 .text.TIM_OC1_SetConfig
                0x08005ef8       0xfc ./Drivers/STM32F0xx_HAL_Driver/Src/stm32f0xx_hal_tim.o
 .text.TIM_OC2_SetConfig
                0x08005ff4       0xfc ./Drivers/STM32F0xx_HAL_Driver/Src/stm32f0xx_hal_tim.o
                0x08005ff4                TIM_OC2_SetConfig
 .text.TIM_OC3_SetConfig
                0x080060f0      0x100 ./Drivers/STM32F0xx_HAL_Driver/Src/stm32f0xx_hal_tim.o
 .text.TIM_OC4_SetConfig
                0x080061f0       0xc8 ./Drivers/STM32F0xx_HAL_Driver/Src/stm32f0xx_hal_tim.o
 .text.TIM_TI1_SetConfig
                0x080062b8       0xac ./Drivers/STM32F0xx_HAL_Driver/Src/stm32f0xx_hal_tim.o
                0x080062b8                TIM_TI1_SetConfig
 .text.TIM_TI1_ConfigInputStage
                0x08006364       0x5c ./Drivers/STM32F0xx_HAL_Driver/Src/stm32f0xx_hal_tim.o
 .text.TIM_TI2_SetConfig
                0x080063c0       0x84 ./Drivers/STM32F0xx_HAL_Driver/Src/stm32f0xx_hal_tim.o
 .text.TIM_TI2_ConfigInputStage
                0x08006444       0x64 ./Drivers/STM32F0xx_HAL_Driver/Src/stm32f0xx_hal_tim.o
 .text.TIM_TI3_SetConfig
                0x080064a8       0x80 ./Drivers/STM32F0xx_HAL_Driver/Src/stm32f0xx_hal_tim.o
 .text.TIM_TI4_SetConfig
                0x08006528       0x8c ./Drivers/STM32F0xx_HAL_Driver/Src/stm32f0xx_hal_tim.o
 .text.TIM_ITRx_SetConfig
                0x080065b4       0x32 ./Drivers/STM32F0xx_HAL_Driver/Src/stm32f0xx_hal_tim.o
 *fill*         0x080065e6        0x2 
 .text.TIM_ETR_SetConfig
                0x080065e8       0x40 ./Drivers/STM32F0xx_HAL_Driver/Src/stm32f0xx_hal_tim.o
                0x080065e8                TIM_ETR_SetConfig
 .text.TIM_CCxChannelCmd
                0x08006628       0x46 ./Drivers/STM32F0xx_HAL_Driver/Src/stm32f0xx_hal_tim.o
                0x08006628                TIM_CCxChannelCmd
 *fill*         0x0800666e        0x2 
 .text.HAL_TIMEx_MasterConfigSynchronization
                0x08006670       0xb0 ./Drivers/STM32F0xx_HAL_Driver/Src/stm32f0xx_hal_tim_ex.o
                0x08006670                HAL_TIMEx_MasterConfigSynchronization
 .text.HAL_TIMEx_ConfigBreakDeadTime
                0x08006720       0xbc ./Drivers/STM32F0xx_HAL_Driver/Src/stm32f0xx_hal_tim_ex.o
                0x08006720                HAL_TIMEx_ConfigBreakDeadTime
 .text.HAL_TIMEx_CommutCallback
                0x080067dc       0x10 ./Drivers/STM32F0xx_HAL_Driver/Src/stm32f0xx_hal_tim_ex.o
                0x080067dc                HAL_TIMEx_CommutCallback
 .text.HAL_TIMEx_BreakCallback
                0x080067ec       0x10 ./Drivers/STM32F0xx_HAL_Driver/Src/stm32f0xx_hal_tim_ex.o
                0x080067ec                HAL_TIMEx_BreakCallback
 .text.HAL_UART_Init
                0x080067fc       0xa8 ./Drivers/STM32F0xx_HAL_Driver/Src/stm32f0xx_hal_uart.o
                0x080067fc                HAL_UART_Init
 .text.HAL_UART_Transmit_DMA
                0x080068a4      0x120 ./Drivers/STM32F0xx_HAL_Driver/Src/stm32f0xx_hal_uart.o
                0x080068a4                HAL_UART_Transmit_DMA
 .text.HAL_UART_Receive_DMA
                0x080069c4       0xae ./Drivers/STM32F0xx_HAL_Driver/Src/stm32f0xx_hal_uart.o
                0x080069c4                HAL_UART_Receive_DMA
 *fill*         0x08006a72        0x2 
 .text.HAL_UART_IRQHandler
                0x08006a74      0x5c0 ./Drivers/STM32F0xx_HAL_Driver/Src/stm32f0xx_hal_uart.o
                0x08006a74                HAL_UART_IRQHandler
 .text.HAL_UART_TxHalfCpltCallback
                0x08007034       0x10 ./Drivers/STM32F0xx_HAL_Driver/Src/stm32f0xx_hal_uart.o
                0x08007034                HAL_UART_TxHalfCpltCallback
 .text.HAL_UART_RxCpltCallback
                0x08007044       0x10 ./Drivers/STM32F0xx_HAL_Driver/Src/stm32f0xx_hal_uart.o
                0x08007044                HAL_UART_RxCpltCallback
 .text.HAL_UART_RxHalfCpltCallback
                0x08007054       0x10 ./Drivers/STM32F0xx_HAL_Driver/Src/stm32f0xx_hal_uart.o
                0x08007054                HAL_UART_RxHalfCpltCallback
 .text.HAL_UART_ErrorCallback
                0x08007064       0x10 ./Drivers/STM32F0xx_HAL_Driver/Src/stm32f0xx_hal_uart.o
                0x08007064                HAL_UART_ErrorCallback
 .text.HAL_UARTEx_RxEventCallback
                0x08007074       0x16 ./Drivers/STM32F0xx_HAL_Driver/Src/stm32f0xx_hal_uart.o
                0x08007074                HAL_UARTEx_RxEventCallback
 *fill*         0x0800708a        0x2 
 .text.UART_SetConfig
                0x0800708c      0x250 ./Drivers/STM32F0xx_HAL_Driver/Src/stm32f0xx_hal_uart.o
                0x0800708c                UART_SetConfig
 .text.UART_AdvFeatureConfig
                0x080072dc      0x168 ./Drivers/STM32F0xx_HAL_Driver/Src/stm32f0xx_hal_uart.o
                0x080072dc                UART_AdvFeatureConfig
 .text.UART_CheckIdleState
                0x08007444      0x150 ./Drivers/STM32F0xx_HAL_Driver/Src/stm32f0xx_hal_uart.o
                0x08007444                UART_CheckIdleState
 .text.UART_WaitOnFlagUntilTimeout
                0x08007594       0xde ./Drivers/STM32F0xx_HAL_Driver/Src/stm32f0xx_hal_uart.o
                0x08007594                UART_WaitOnFlagUntilTimeout
 *fill*         0x08007672        0x2 
 .text.UART_Start_Receive_DMA
                0x08007674      0x140 ./Drivers/STM32F0xx_HAL_Driver/Src/stm32f0xx_hal_uart.o
                0x08007674                UART_Start_Receive_DMA
 .text.UART_EndTxTransfer
                0x080077b4       0x48 ./Drivers/STM32F0xx_HAL_Driver/Src/stm32f0xx_hal_uart.o
 .text.UART_EndRxTransfer
                0x080077fc       0xc8 ./Drivers/STM32F0xx_HAL_Driver/Src/stm32f0xx_hal_uart.o
 .text.UART_DMATransmitCplt
                0x080078c4       0x94 ./Drivers/STM32F0xx_HAL_Driver/Src/stm32f0xx_hal_uart.o
 .text.UART_DMATxHalfCplt
                0x08007958       0x1e ./Drivers/STM32F0xx_HAL_Driver/Src/stm32f0xx_hal_uart.o
 *fill*         0x08007976        0x2 
 .text.UART_DMAReceiveCplt
                0x08007978      0x12c ./Drivers/STM32F0xx_HAL_Driver/Src/stm32f0xx_hal_uart.o
 .text.UART_DMARxHalfCplt
                0x08007aa4       0x42 ./Drivers/STM32F0xx_HAL_Driver/Src/stm32f0xx_hal_uart.o
 .text.UART_DMAError
                0x08007ae6       0x84 ./Drivers/STM32F0xx_HAL_Driver/Src/stm32f0xx_hal_uart.o
 .text.UART_DMAAbortOnError
                0x08007b6a       0x2e ./Drivers/STM32F0xx_HAL_Driver/Src/stm32f0xx_hal_uart.o
 .text.UART_EndTransmit_IT
                0x08007b98       0x56 ./Drivers/STM32F0xx_HAL_Driver/Src/stm32f0xx_hal_uart.o
 .text.HAL_UARTEx_WakeupCallback
                0x08007bee       0x10 ./Drivers/STM32F0xx_HAL_Driver/Src/stm32f0xx_hal_uart_ex.o
                0x08007bee                HAL_UARTEx_WakeupCallback
 .text.memset   0x08007bfe       0x10 C:/ST/STM32CubeIDE_1.15.0/STM32CubeIDE/plugins/com.st.stm32cube.ide.mcu.externaltools.gnu-tools-for-stm32.13.3.rel1.win32_1.0.0.202411081344/tools/bin/../lib/gcc/arm-none-eabi/13.3.1/../../../../arm-none-eabi/lib/thumb/v6-m/nofp\libc_nano.a(libc_a-memset.o)
                0x08007bfe                memset
 *fill*         0x08007c0e        0x2 
 .text.__libc_init_array
                0x08007c10       0x48 C:/ST/STM32CubeIDE_1.15.0/STM32CubeIDE/plugins/com.st.stm32cube.ide.mcu.externaltools.gnu-tools-for-stm32.13.3.rel1.win32_1.0.0.202411081344/tools/bin/../lib/gcc/arm-none-eabi/13.3.1/../../../../arm-none-eabi/lib/thumb/v6-m/nofp\libc_nano.a(libc_a-init.o)
                0x08007c10                __libc_init_array
 .text.memcpy   0x08007c58       0x12 C:/ST/STM32CubeIDE_1.15.0/STM32CubeIDE/plugins/com.st.stm32cube.ide.mcu.externaltools.gnu-tools-for-stm32.13.3.rel1.win32_1.0.0.202411081344/tools/bin/../lib/gcc/arm-none-eabi/13.3.1/../../../../arm-none-eabi/lib/thumb/v6-m/nofp\libc_nano.a(libc_a-memcpy-stub.o)
                0x08007c58                memcpy
 *(.glue_7)
 .glue_7        0x08007c6a        0x0 linker stubs
 *(.glue_7t)
 .glue_7t       0x08007c6a        0x0 linker stubs
 *(.eh_frame)
 *fill*         0x08007c6a        0x2 
 .eh_frame      0x08007c6c        0x0 C:/ST/STM32CubeIDE_1.15.0/STM32CubeIDE/plugins/com.st.stm32cube.ide.mcu.externaltools.gnu-tools-for-stm32.13.3.rel1.win32_1.0.0.202411081344/tools/bin/../lib/gcc/arm-none-eabi/13.3.1/thumb/v6-m/nofp/crtbegin.o
 *(.init)
 .init          0x08007c6c        0x4 C:/ST/STM32CubeIDE_1.15.0/STM32CubeIDE/plugins/com.st.stm32cube.ide.mcu.externaltools.gnu-tools-for-stm32.13.3.rel1.win32_1.0.0.202411081344/tools/bin/../lib/gcc/arm-none-eabi/13.3.1/thumb/v6-m/nofp/crti.o
                0x08007c6c                _init
 .init          0x08007c70        0x8 C:/ST/STM32CubeIDE_1.15.0/STM32CubeIDE/plugins/com.st.stm32cube.ide.mcu.externaltools.gnu-tools-for-stm32.13.3.rel1.win32_1.0.0.202411081344/tools/bin/../lib/gcc/arm-none-eabi/13.3.1/thumb/v6-m/nofp/crtn.o
 *(.fini)
 .fini          0x08007c78        0x4 C:/ST/STM32CubeIDE_1.15.0/STM32CubeIDE/plugins/com.st.stm32cube.ide.mcu.externaltools.gnu-tools-for-stm32.13.3.rel1.win32_1.0.0.202411081344/tools/bin/../lib/gcc/arm-none-eabi/13.3.1/thumb/v6-m/nofp/crti.o
                0x08007c78                _fini
 .fini          0x08007c7c        0x8 C:/ST/STM32CubeIDE_1.15.0/STM32CubeIDE/plugins/com.st.stm32cube.ide.mcu.externaltools.gnu-tools-for-stm32.13.3.rel1.win32_1.0.0.202411081344/tools/bin/../lib/gcc/arm-none-eabi/13.3.1/thumb/v6-m/nofp/crtn.o
                0x08007c84                        . = ALIGN (0x4)
                0x08007c84                        _etext = .

.vfp11_veneer   0x08007c84        0x0
 .vfp11_veneer  0x08007c84        0x0 linker stubs

.v4_bx          0x08007c84        0x0
 .v4_bx         0x08007c84        0x0 linker stubs

.iplt           0x08007c84        0x0
 .iplt          0x08007c84        0x0 C:/ST/STM32CubeIDE_1.15.0/STM32CubeIDE/plugins/com.st.stm32cube.ide.mcu.externaltools.gnu-tools-for-stm32.13.3.rel1.win32_1.0.0.202411081344/tools/bin/../lib/gcc/arm-none-eabi/13.3.1/thumb/v6-m/nofp/crtbegin.o

.rodata         0x08007c84       0xb4
                0x08007c84                        . = ALIGN (0x4)
 *(.rodata)
 .rodata        0x08007c84       0x7c C:/ST/STM32CubeIDE_1.15.0/STM32CubeIDE/plugins/com.st.stm32cube.ide.mcu.externaltools.gnu-tools-for-stm32.13.3.rel1.win32_1.0.0.202411081344/tools/bin/../lib/gcc/arm-none-eabi/13.3.1/thumb/v6-m/nofp\libgcc.a(divsf3.o)
 *(.rodata*)
 .rodata.AHBPrescTable
                0x08007d00       0x10 ./Core/Src/system_stm32f0xx.o
                0x08007d00                AHBPrescTable
 .rodata.APBPrescTable
                0x08007d10        0x8 ./Core/Src/system_stm32f0xx.o
                0x08007d10                APBPrescTable
 .rodata.aPLLMULFactorTable.1
                0x08007d18       0x10 ./Drivers/STM32F0xx_HAL_Driver/Src/stm32f0xx_hal_rcc.o
 .rodata.aPredivFactorTable.0
                0x08007d28       0x10 ./Drivers/STM32F0xx_HAL_Driver/Src/stm32f0xx_hal_rcc.o
                0x08007d38                        . = ALIGN (0x4)

.ARM.extab      0x08007d38        0x0
                0x08007d38                        . = ALIGN (0x4)
 *(.ARM.extab* .gnu.linkonce.armextab.*)
                0x08007d38                        . = ALIGN (0x4)

.ARM            0x08007d38        0x8
                0x08007d38                        . = ALIGN (0x4)
                0x08007d38                        __exidx_start = .
 *(.ARM.exidx*)
 .ARM.exidx     0x08007d38        0x8 C:/ST/STM32CubeIDE_1.15.0/STM32CubeIDE/plugins/com.st.stm32cube.ide.mcu.externaltools.gnu-tools-for-stm32.13.3.rel1.win32_1.0.0.202411081344/tools/bin/../lib/gcc/arm-none-eabi/13.3.1/thumb/v6-m/nofp\libgcc.a(_udivmoddi4.o)
 .ARM.exidx     0x08007d40        0x0 C:/ST/STM32CubeIDE_1.15.0/STM32CubeIDE/plugins/com.st.stm32cube.ide.mcu.externaltools.gnu-tools-for-stm32.13.3.rel1.win32_1.0.0.202411081344/tools/bin/../lib/gcc/arm-none-eabi/13.3.1/thumb/v6-m/nofp\libgcc.a(_divdi3.o)
                                  0x8 (size before relaxing)
                0x08007d40                        __exidx_end = .
                0x08007d40                        . = ALIGN (0x4)

.preinit_array  0x08007d40        0x0
                0x08007d40                        . = ALIGN (0x4)
                0x08007d40                        PROVIDE (__preinit_array_start = .)
 *(.preinit_array*)
                0x08007d40                        PROVIDE (__preinit_array_end = .)
                0x08007d40                        . = ALIGN (0x4)

.init_array     0x08007d40        0x4
                0x08007d40                        . = ALIGN (0x4)
                0x08007d40                        PROVIDE (__init_array_start = .)
 *(SORT_BY_NAME(.init_array.*))
 *(.init_array*)
 .init_array    0x08007d40        0x4 C:/ST/STM32CubeIDE_1.15.0/STM32CubeIDE/plugins/com.st.stm32cube.ide.mcu.externaltools.gnu-tools-for-stm32.13.3.rel1.win32_1.0.0.202411081344/tools/bin/../lib/gcc/arm-none-eabi/13.3.1/thumb/v6-m/nofp/crtbegin.o
                0x08007d44                        PROVIDE (__init_array_end = .)
                0x08007d44                        . = ALIGN (0x4)

.fini_array     0x08007d44        0x4
                0x08007d44                        . = ALIGN (0x4)
                [!provide]                        PROVIDE (__fini_array_start = .)
 *(SORT_BY_NAME(.fini_array.*))
 *(.fini_array*)
 .fini_array    0x08007d44        0x4 C:/ST/STM32CubeIDE_1.15.0/STM32CubeIDE/plugins/com.st.stm32cube.ide.mcu.externaltools.gnu-tools-for-stm32.13.3.rel1.win32_1.0.0.202411081344/tools/bin/../lib/gcc/arm-none-eabi/13.3.1/thumb/v6-m/nofp/crtbegin.o
                [!provide]                        PROVIDE (__fini_array_end = .)
                0x08007d48                        . = ALIGN (0x4)
                0x08007d48                        _sidata = LOADADDR (.data)

.rel.dyn        0x08007d48        0x0
 .rel.iplt      0x08007d48        0x0 C:/ST/STM32CubeIDE_1.15.0/STM32CubeIDE/plugins/com.st.stm32cube.ide.mcu.externaltools.gnu-tools-for-stm32.13.3.rel1.win32_1.0.0.202411081344/tools/bin/../lib/gcc/arm-none-eabi/13.3.1/thumb/v6-m/nofp/crtbegin.o

.data           0x20000000       0x18 load address 0x08007d48
                0x20000000                        . = ALIGN (0x4)
                0x20000000                        _sdata = .
 *(.data)
 *(.data*)
 .data.g_i1_zero_mV
                0x20000000        0x4 ./Core/Src/main.o
 .data.g_stream_dest_id
                0x20000004        0x1 ./Core/Src/main.o
 *fill*         0x20000005        0x1 
 .data.g_esc1_us
                0x20000006        0x2 ./Core/Src/main.o
 .data.g_esc2_us
                0x20000008        0x2 ./Core/Src/main.o
 *fill*         0x2000000a        0x2 
 .data.SystemCoreClock
                0x2000000c        0x4 ./Core/Src/system_stm32f0xx.o
                0x2000000c                SystemCoreClock
 .data.uwTickPrio
                0x20000010        0x4 ./Drivers/STM32F0xx_HAL_Driver/Src/stm32f0xx_hal.o
                0x20000010                uwTickPrio
 .data.uwTickFreq
                0x20000014        0x1 ./Drivers/STM32F0xx_HAL_Driver/Src/stm32f0xx_hal.o
                0x20000014                uwTickFreq
 *(.RamFunc)
 *(.RamFunc*)
                0x20000018                        . = ALIGN (0x4)
 *fill*         0x20000015        0x3 
                0x20000018                        _edata = .

.igot.plt       0x20000018        0x0 load address 0x08007d60
 .igot.plt      0x20000018        0x0 C:/ST/STM32CubeIDE_1.15.0/STM32CubeIDE/plugins/com.st.stm32cube.ide.mcu.externaltools.gnu-tools-for-stm32.13.3.rel1.win32_1.0.0.202411081344/tools/bin/../lib/gcc/arm-none-eabi/13.3.1/thumb/v6-m/nofp/crtbegin.o
                0x20000018                        . = ALIGN (0x4)

.bss            0x20000018      0x6f8 load address 0x08007d60
                0x20000018                        _sbss = .
                0x20000018                        __bss_start__ = _sbss
 *(.bss)
 .bss           0x20000018       0x1c C:/ST/STM32CubeIDE_1.15.0/STM32CubeIDE/plugins/com.st.stm32cube.ide.mcu.externaltools.gnu-tools-for-stm32.13.3.rel1.win32_1.0.0.202411081344/tools/bin/../lib/gcc/arm-none-eabi/13.3.1/thumb/v6-m/nofp/crtbegin.o
 *(.bss*)
 .bss.hadc      0x20000034       0x40 ./Core/Src/adc.o
                0x20000034                hadc
 .bss.hdma_adc  0x20000074       0x44 ./Core/Src/adc.o
                0x20000074                hdma_adc
 .bss.g_huart   0x200000b8        0x4 ./Core/Src/comm.o
 .bss.rx_dma_buf
                0x200000bc      0x200 ./Core/Src/comm.o
 .bss.rx_dma_head
                0x200002bc        0x2 ./Core/Src/comm.o
 .bss.rx_cons   0x200002be        0x2 ./Core/Src/comm.o
 .bss.pstate    0x200002c0        0x1 ./Core/Src/comm.o
 *fill*         0x200002c1        0x1 
 .bss.start_pos
                0x200002c2        0x2 ./Core/Src/comm.o
 .bss.want_len  0x200002c4        0x2 ./Core/Src/comm.o
 *fill*         0x200002c6        0x2 
 .bss.tx_buf    0x200002c8      0x100 ./Core/Src/comm.o
 .bss.tx_busy   0x200003c8        0x1 ./Core/Src/comm.o
 .bss.s.1       0x200003c9        0x1 ./Core/Src/comm.o
 *fill*         0x200003ca        0x2 
 .bss.scratch.0
                0x200003cc      0x100 ./Core/Src/comm.o
 .bss.hi2c1     0x200004cc       0x54 ./Core/Src/i2c.o
                0x200004cc                hi2c1
 .bss.IC_Val1Mot1
                0x20000520        0x4 ./Core/Src/main.o
                0x20000520                IC_Val1Mot1
 .bss.IC_Val2Mot1
                0x20000524        0x4 ./Core/Src/main.o
                0x20000524                IC_Val2Mot1
 .bss.DiffMot1  0x20000528        0x4 ./Core/Src/main.o
                0x20000528                DiffMot1
 .bss.first_cap_flagMot1
                0x2000052c        0x4 ./Core/Src/main.o
                0x2000052c                first_cap_flagMot1
 .bss.freqMot1  0x20000530        0x4 ./Core/Src/main.o
                0x20000530                freqMot1
 .bss.g_i1_mA   0x20000534        0x4 ./Core/Src/main.o
 .bss.g_i2_mA   0x20000538        0x4 ./Core/Src/main.o
 .bss.g_stream_period_ms
                0x2000053c        0x4 ./Core/Src/main.o
 .bss.g_next_stream_ms
                0x20000540        0x4 ./Core/Src/main.o
 .bss.g_adc     0x20000544        0xa ./Core/Src/main.o
 .bss.g_adc_ok  0x2000054e        0x1 ./Core/Src/main.o
 *fill*         0x2000054f        0x1 
 .bss.g_vin1_mV
                0x20000550        0x4 ./Core/Src/main.o
 .bss.g_vin2_mV
                0x20000554        0x4 ./Core/Src/main.o
 .bss.g_last_raw
                0x20000558        0x4 ./Core/Src/main.o
 .bss.g_last_raw_valid
                0x2000055c        0x1 ./Core/Src/main.o
 *fill*         0x2000055d        0x3 
 .bss.ic_period_us
                0x20000560        0x4 ./Core/Src/main.o
 .bss.ic_irq_count
                0x20000564        0x4 ./Core/Src/main.o
 .bss.ic_has_lock
                0x20000568        0x1 ./Core/Src/main.o
 *fill*         0x20000569        0x3 
 .bss.htim1     0x2000056c       0x48 ./Core/Src/tim.o
                0x2000056c                htim1
 .bss.htim2     0x200005b4       0x48 ./Core/Src/tim.o
                0x200005b4                htim2
 .bss.huart1    0x200005fc       0x88 ./Core/Src/usart.o
                0x200005fc                huart1
 .bss.hdma_usart1_rx
                0x20000684       0x44 ./Core/Src/usart.o
                0x20000684                hdma_usart1_rx
 .bss.hdma_usart1_tx
                0x200006c8       0x44 ./Core/Src/usart.o
                0x200006c8                hdma_usart1_tx
 .bss.uwTick    0x2000070c        0x4 ./Drivers/STM32F0xx_HAL_Driver/Src/stm32f0xx_hal.o
                0x2000070c                uwTick
 *(COMMON)
                0x20000710                        . = ALIGN (0x4)
                0x20000710                        _ebss = .
                0x20000710                        __bss_end__ = _ebss

._user_heap_stack
                0x20000710      0x600 load address 0x08007d60
                0x20000710                        . = ALIGN (0x8)
                [!provide]                        PROVIDE (end = .)
                0x20000710                        PROVIDE (_end = .)
                0x20000910                        . = (. + _Min_Heap_Size)
 *fill*         0x20000710      0x200 
                0x20000d10                        . = (. + _Min_Stack_Size)
 *fill*         0x20000910      0x400 
                0x20000d10                        . = ALIGN (0x8)

/DISCARD/
 libc.a(*)
 libm.a(*)
 libgcc.a(*)

.ARM.attributes
                0x00000000       0x28
 *(.ARM.attributes)
 .ARM.attributes
                0x00000000       0x1e C:/ST/STM32CubeIDE_1.15.0/STM32CubeIDE/plugins/com.st.stm32cube.ide.mcu.externaltools.gnu-tools-for-stm32.13.3.rel1.win32_1.0.0.202411081344/tools/bin/../lib/gcc/arm-none-eabi/13.3.1/thumb/v6-m/nofp/crti.o
 .ARM.attributes
                0x0000001e       0x2c C:/ST/STM32CubeIDE_1.15.0/STM32CubeIDE/plugins/com.st.stm32cube.ide.mcu.externaltools.gnu-tools-for-stm32.13.3.rel1.win32_1.0.0.202411081344/tools/bin/../lib/gcc/arm-none-eabi/13.3.1/thumb/v6-m/nofp/crtbegin.o
 .ARM.attributes
                0x0000004a       0x2c ./Core/Src/adc.o
 .ARM.attributes
                0x00000076       0x2c ./Core/Src/comm.o
 .ARM.attributes
                0x000000a2       0x2c ./Core/Src/dma.o
 .ARM.attributes
                0x000000ce       0x2c ./Core/Src/gpio.o
 .ARM.attributes
                0x000000fa       0x2c ./Core/Src/hx711.o
 .ARM.attributes
                0x00000126       0x2c ./Core/Src/i2c.o
 .ARM.attributes
                0x00000152       0x2c ./Core/Src/main.o
 .ARM.attributes
                0x0000017e       0x2c ./Core/Src/stm32f0xx_hal_msp.o
 .ARM.attributes
                0x000001aa       0x2c ./Core/Src/stm32f0xx_it.o
 .ARM.attributes
                0x000001d6       0x2c ./Core/Src/system_stm32f0xx.o
 .ARM.attributes
                0x00000202       0x2c ./Core/Src/tim.o
 .ARM.attributes
                0x0000022e       0x2c ./Core/Src/usart.o
 .ARM.attributes
                0x0000025a       0x21 ./Core/Startup/startup_stm32f031k6tx.o
 .ARM.attributes
                0x0000027b       0x2c ./Drivers/STM32F0xx_HAL_Driver/Src/stm32f0xx_hal.o
 .ARM.attributes
                0x000002a7       0x2c ./Drivers/STM32F0xx_HAL_Driver/Src/stm32f0xx_hal_adc.o
 .ARM.attributes
                0x000002d3       0x2c ./Drivers/STM32F0xx_HAL_Driver/Src/stm32f0xx_hal_adc_ex.o
 .ARM.attributes
                0x000002ff       0x2c ./Drivers/STM32F0xx_HAL_Driver/Src/stm32f0xx_hal_cortex.o
 .ARM.attributes
                0x0000032b       0x2c ./Drivers/STM32F0xx_HAL_Driver/Src/stm32f0xx_hal_dma.o
 .ARM.attributes
                0x00000357       0x2c ./Drivers/STM32F0xx_HAL_Driver/Src/stm32f0xx_hal_gpio.o
 .ARM.attributes
                0x00000383       0x2c ./Drivers/STM32F0xx_HAL_Driver/Src/stm32f0xx_hal_i2c.o
 .ARM.attributes
                0x000003af       0x2c ./Drivers/STM32F0xx_HAL_Driver/Src/stm32f0xx_hal_i2c_ex.o
 .ARM.attributes
                0x000003db       0x2c ./Drivers/STM32F0xx_HAL_Driver/Src/stm32f0xx_hal_rcc.o
 .ARM.attributes
                0x00000407       0x2c ./Drivers/STM32F0xx_HAL_Driver/Src/stm32f0xx_hal_rcc_ex.o
 .ARM.attributes
                0x00000433       0x2c ./Drivers/STM32F0xx_HAL_Driver/Src/stm32f0xx_hal_tim.o
 .ARM.attributes
                0x0000045f       0x2c ./Drivers/STM32F0xx_HAL_Driver/Src/stm32f0xx_hal_tim_ex.o
 .ARM.attributes
                0x0000048b       0x2c ./Drivers/STM32F0xx_HAL_Driver/Src/stm32f0xx_hal_uart.o
 .ARM.attributes
                0x000004b7       0x2c ./Drivers/STM32F0xx_HAL_Driver/Src/stm32f0xx_hal_uart_ex.o
 .ARM.attributes
                0x000004e3       0x2c C:/ST/STM32CubeIDE_1.15.0/STM32CubeIDE/plugins/com.st.stm32cube.ide.mcu.externaltools.gnu-tools-for-stm32.13.3.rel1.win32_1.0.0.202411081344/tools/bin/../lib/gcc/arm-none-eabi/13.3.1/../../../../arm-none-eabi/lib/thumb/v6-m/nofp\libc_nano.a(libc_a-memset.o)
 .ARM.attributes
                0x0000050f       0x2c C:/ST/STM32CubeIDE_1.15.0/STM32CubeIDE/plugins/com.st.stm32cube.ide.mcu.externaltools.gnu-tools-for-stm32.13.3.rel1.win32_1.0.0.202411081344/tools/bin/../lib/gcc/arm-none-eabi/13.3.1/../../../../arm-none-eabi/lib/thumb/v6-m/nofp\libc_nano.a(libc_a-init.o)
 .ARM.attributes
                0x0000053b       0x2c C:/ST/STM32CubeIDE_1.15.0/STM32CubeIDE/plugins/com.st.stm32cube.ide.mcu.externaltools.gnu-tools-for-stm32.13.3.rel1.win32_1.0.0.202411081344/tools/bin/../lib/gcc/arm-none-eabi/13.3.1/../../../../arm-none-eabi/lib/thumb/v6-m/nofp\libc_nano.a(libc_a-memcpy-stub.o)
 .ARM.attributes
                0x00000567       0x1e C:/ST/STM32CubeIDE_1.15.0/STM32CubeIDE/plugins/com.st.stm32cube.ide.mcu.externaltools.gnu-tools-for-stm32.13.3.rel1.win32_1.0.0.202411081344/tools/bin/../lib/gcc/arm-none-eabi/13.3.1/thumb/v6-m/nofp\libgcc.a(_udivsi3.o)
 .ARM.attributes
                0x00000585       0x1e C:/ST/STM32CubeIDE_1.15.0/STM32CubeIDE/plugins/com.st.stm32cube.ide.mcu.externaltools.gnu-tools-for-stm32.13.3.rel1.win32_1.0.0.202411081344/tools/bin/../lib/gcc/arm-none-eabi/13.3.1/thumb/v6-m/nofp\libgcc.a(_dvmd_tls.o)
 .ARM.attributes
                0x000005a3       0x1e C:/ST/STM32CubeIDE_1.15.0/STM32CubeIDE/plugins/com.st.stm32cube.ide.mcu.externaltools.gnu-tools-for-stm32.13.3.rel1.win32_1.0.0.202411081344/tools/bin/../lib/gcc/arm-none-eabi/13.3.1/thumb/v6-m/nofp\libgcc.a(_aeabi_ldivmod.o)
 .ARM.attributes
                0x000005c1       0x1e C:/ST/STM32CubeIDE_1.15.0/STM32CubeIDE/plugins/com.st.stm32cube.ide.mcu.externaltools.gnu-tools-for-stm32.13.3.rel1.win32_1.0.0.202411081344/tools/bin/../lib/gcc/arm-none-eabi/13.3.1/thumb/v6-m/nofp\libgcc.a(_aeabi_uldivmod.o)
 .ARM.attributes
                0x000005df       0x2c C:/ST/STM32CubeIDE_1.15.0/STM32CubeIDE/plugins/com.st.stm32cube.ide.mcu.externaltools.gnu-tools-for-stm32.13.3.rel1.win32_1.0.0.202411081344/tools/bin/../lib/gcc/arm-none-eabi/13.3.1/thumb/v6-m/nofp\libgcc.a(_muldi3.o)
 .ARM.attributes
                0x0000060b       0x2c C:/ST/STM32CubeIDE_1.15.0/STM32CubeIDE/plugins/com.st.stm32cube.ide.mcu.externaltools.gnu-tools-for-stm32.13.3.rel1.win32_1.0.0.202411081344/tools/bin/../lib/gcc/arm-none-eabi/13.3.1/thumb/v6-m/nofp\libgcc.a(_udivmoddi4.o)
 .ARM.attributes
                0x00000637       0x2c C:/ST/STM32CubeIDE_1.15.0/STM32CubeIDE/plugins/com.st.stm32cube.ide.mcu.externaltools.gnu-tools-for-stm32.13.3.rel1.win32_1.0.0.202411081344/tools/bin/../lib/gcc/arm-none-eabi/13.3.1/thumb/v6-m/nofp\libgcc.a(bpabi.o)
 .ARM.attributes
                0x00000663       0x2c C:/ST/STM32CubeIDE_1.15.0/STM32CubeIDE/plugins/com.st.stm32cube.ide.mcu.externaltools.gnu-tools-for-stm32.13.3.rel1.win32_1.0.0.202411081344/tools/bin/../lib/gcc/arm-none-eabi/13.3.1/thumb/v6-m/nofp\libgcc.a(divsf3.o)
 .ARM.attributes
                0x0000068f       0x2c C:/ST/STM32CubeIDE_1.15.0/STM32CubeIDE/plugins/com.st.stm32cube.ide.mcu.externaltools.gnu-tools-for-stm32.13.3.rel1.win32_1.0.0.202411081344/tools/bin/../lib/gcc/arm-none-eabi/13.3.1/thumb/v6-m/nofp\libgcc.a(floatunsisf.o)
 .ARM.attributes
                0x000006bb       0x1e C:/ST/STM32CubeIDE_1.15.0/STM32CubeIDE/plugins/com.st.stm32cube.ide.mcu.externaltools.gnu-tools-for-stm32.13.3.rel1.win32_1.0.0.202411081344/tools/bin/../lib/gcc/arm-none-eabi/13.3.1/thumb/v6-m/nofp\libgcc.a(_clzsi2.o)
 .ARM.attributes
                0x000006d9       0x1e C:/ST/STM32CubeIDE_1.15.0/STM32CubeIDE/plugins/com.st.stm32cube.ide.mcu.externaltools.gnu-tools-for-stm32.13.3.rel1.win32_1.0.0.202411081344/tools/bin/../lib/gcc/arm-none-eabi/13.3.1/thumb/v6-m/nofp\libgcc.a(_clzdi2.o)
 .ARM.attributes
                0x000006f7       0x2c C:/ST/STM32CubeIDE_1.15.0/STM32CubeIDE/plugins/com.st.stm32cube.ide.mcu.externaltools.gnu-tools-for-stm32.13.3.rel1.win32_1.0.0.202411081344/tools/bin/../lib/gcc/arm-none-eabi/13.3.1/thumb/v6-m/nofp\libgcc.a(_divdi3.o)
 .ARM.attributes
                0x00000723       0x1e C:/ST/STM32CubeIDE_1.15.0/STM32CubeIDE/plugins/com.st.stm32cube.ide.mcu.externaltools.gnu-tools-for-stm32.13.3.rel1.win32_1.0.0.202411081344/tools/bin/../lib/gcc/arm-none-eabi/13.3.1/thumb/v6-m/nofp/crtn.o
OUTPUT(Teststand_Nucleo.elf elf32-littlearm)
LOAD linker stubs
LOAD C:/ST/STM32CubeIDE_1.15.0/STM32CubeIDE/plugins/com.st.stm32cube.ide.mcu.externaltools.gnu-tools-for-stm32.13.3.rel1.win32_1.0.0.202411081344/tools/bin/../lib/gcc/arm-none-eabi/13.3.1/../../../../arm-none-eabi/lib/thumb/v6-m/nofp\libc.a
LOAD C:/ST/STM32CubeIDE_1.15.0/STM32CubeIDE/plugins/com.st.stm32cube.ide.mcu.externaltools.gnu-tools-for-stm32.13.3.rel1.win32_1.0.0.202411081344/tools/bin/../lib/gcc/arm-none-eabi/13.3.1/../../../../arm-none-eabi/lib/thumb/v6-m/nofp\libm.a
LOAD C:/ST/STM32CubeIDE_1.15.0/STM32CubeIDE/plugins/com.st.stm32cube.ide.mcu.externaltools.gnu-tools-for-stm32.13.3.rel1.win32_1.0.0.202411081344/tools/bin/../lib/gcc/arm-none-eabi/13.3.1/thumb/v6-m/nofp\libgcc.a

.debug_info     0x00000000    0x14cea
 .debug_info    0x00000000      0x89a ./Core/Src/adc.o
 .debug_info    0x0000089a      0xed6 ./Core/Src/comm.o
 .debug_info    0x00001770      0x267 ./Core/Src/dma.o
 .debug_info    0x000019d7      0x341 ./Core/Src/gpio.o
 .debug_info    0x00001d18      0x2d4 ./Core/Src/hx711.o
 .debug_info    0x00001fec      0x8ef ./Core/Src/i2c.o
 .debug_info    0x000028db     0x181e ./Core/Src/main.o
 .debug_info    0x000040f9      0x199 ./Core/Src/stm32f0xx_hal_msp.o
 .debug_info    0x00004292      0xa72 ./Core/Src/stm32f0xx_it.o
 .debug_info    0x00004d04      0x242 ./Core/Src/system_stm32f0xx.o
 .debug_info    0x00004f46      0xddc ./Core/Src/tim.o
 .debug_info    0x00005d22      0xa71 ./Core/Src/usart.o
 .debug_info    0x00006793       0x30 ./Core/Startup/startup_stm32f031k6tx.o
 .debug_info    0x000067c3      0x65e ./Drivers/STM32F0xx_HAL_Driver/Src/stm32f0xx_hal.o
 .debug_info    0x00006e21      0xc70 ./Drivers/STM32F0xx_HAL_Driver/Src/stm32f0xx_hal_adc.o
 .debug_info    0x00007a91      0x577 ./Drivers/STM32F0xx_HAL_Driver/Src/stm32f0xx_hal_adc_ex.o
 .debug_info    0x00008008      0x689 ./Drivers/STM32F0xx_HAL_Driver/Src/stm32f0xx_hal_cortex.o
 .debug_info    0x00008691      0x700 ./Drivers/STM32F0xx_HAL_Driver/Src/stm32f0xx_hal_dma.o
 .debug_info    0x00008d91      0x5c8 ./Drivers/STM32F0xx_HAL_Driver/Src/stm32f0xx_hal_gpio.o
 .debug_info    0x00009359     0x20cd ./Drivers/STM32F0xx_HAL_Driver/Src/stm32f0xx_hal_i2c.o
 .debug_info    0x0000b426      0x82d ./Drivers/STM32F0xx_HAL_Driver/Src/stm32f0xx_hal_i2c_ex.o
 .debug_info    0x0000bc53      0x844 ./Drivers/STM32F0xx_HAL_Driver/Src/stm32f0xx_hal_rcc.o
 .debug_info    0x0000c497      0x35d ./Drivers/STM32F0xx_HAL_Driver/Src/stm32f0xx_hal_rcc_ex.o
 .debug_info    0x0000c7f4     0x2946 ./Drivers/STM32F0xx_HAL_Driver/Src/stm32f0xx_hal_tim.o
 .debug_info    0x0000f13a     0x1488 ./Drivers/STM32F0xx_HAL_Driver/Src/stm32f0xx_hal_tim_ex.o
 .debug_info    0x000105c2     0x3a9e ./Drivers/STM32F0xx_HAL_Driver/Src/stm32f0xx_hal_uart.o
 .debug_info    0x00014060      0xc8a ./Drivers/STM32F0xx_HAL_Driver/Src/stm32f0xx_hal_uart_ex.o

.debug_abbrev   0x00000000     0x35d8
 .debug_abbrev  0x00000000      0x200 ./Core/Src/adc.o
 .debug_abbrev  0x00000200      0x30c ./Core/Src/comm.o
 .debug_abbrev  0x0000050c       0xfc ./Core/Src/dma.o
 .debug_abbrev  0x00000608      0x14d ./Core/Src/gpio.o
 .debug_abbrev  0x00000755      0x1cf ./Core/Src/hx711.o
 .debug_abbrev  0x00000924      0x215 ./Core/Src/i2c.o
 .debug_abbrev  0x00000b39      0x36b ./Core/Src/main.o
 .debug_abbrev  0x00000ea4       0xc6 ./Core/Src/stm32f0xx_hal_msp.o
 .debug_abbrev  0x00000f6a      0x1cb ./Core/Src/stm32f0xx_it.o
 .debug_abbrev  0x00001135      0x11c ./Core/Src/system_stm32f0xx.o
 .debug_abbrev  0x00001251      0x265 ./Core/Src/tim.o
 .debug_abbrev  0x000014b6      0x22b ./Core/Src/usart.o
 .debug_abbrev  0x000016e1       0x24 ./Core/Startup/startup_stm32f031k6tx.o
 .debug_abbrev  0x00001705      0x24b ./Drivers/STM32F0xx_HAL_Driver/Src/stm32f0xx_hal.o
 .debug_abbrev  0x00001950      0x210 ./Drivers/STM32F0xx_HAL_Driver/Src/stm32f0xx_hal_adc.o
 .debug_abbrev  0x00001b60      0x138 ./Drivers/STM32F0xx_HAL_Driver/Src/stm32f0xx_hal_adc_ex.o
 .debug_abbrev  0x00001c98      0x28c ./Drivers/STM32F0xx_HAL_Driver/Src/stm32f0xx_hal_cortex.o
 .debug_abbrev  0x00001f24      0x1ef ./Drivers/STM32F0xx_HAL_Driver/Src/stm32f0xx_hal_dma.o
 .debug_abbrev  0x00002113      0x1c6 ./Drivers/STM32F0xx_HAL_Driver/Src/stm32f0xx_hal_gpio.o
 .debug_abbrev  0x000022d9      0x270 ./Drivers/STM32F0xx_HAL_Driver/Src/stm32f0xx_hal_i2c.o
 .debug_abbrev  0x00002549      0x1d6 ./Drivers/STM32F0xx_HAL_Driver/Src/stm32f0xx_hal_i2c_ex.o
 .debug_abbrev  0x0000271f      0x28b ./Drivers/STM32F0xx_HAL_Driver/Src/stm32f0xx_hal_rcc.o
 .debug_abbrev  0x000029aa      0x16f ./Drivers/STM32F0xx_HAL_Driver/Src/stm32f0xx_hal_rcc_ex.o
 .debug_abbrev  0x00002b19      0x28c ./Drivers/STM32F0xx_HAL_Driver/Src/stm32f0xx_hal_tim.o
 .debug_abbrev  0x00002da5      0x297 ./Drivers/STM32F0xx_HAL_Driver/Src/stm32f0xx_hal_tim_ex.o
 .debug_abbrev  0x0000303c      0x2e1 ./Drivers/STM32F0xx_HAL_Driver/Src/stm32f0xx_hal_uart.o
 .debug_abbrev  0x0000331d      0x2bb ./Drivers/STM32F0xx_HAL_Driver/Src/stm32f0xx_hal_uart_ex.o

.debug_aranges  0x00000000     0x1270
 .debug_aranges
                0x00000000       0x30 ./Core/Src/adc.o
 .debug_aranges
                0x00000030       0xc8 ./Core/Src/comm.o
 .debug_aranges
                0x000000f8       0x20 ./Core/Src/dma.o
 .debug_aranges
                0x00000118       0x20 ./Core/Src/gpio.o
 .debug_aranges
                0x00000138       0x50 ./Core/Src/hx711.o
 .debug_aranges
                0x00000188       0x30 ./Core/Src/i2c.o
 .debug_aranges
                0x000001b8       0x78 ./Core/Src/main.o
 .debug_aranges
                0x00000230       0x20 ./Core/Src/stm32f0xx_hal_msp.o
 .debug_aranges
                0x00000250       0x60 ./Core/Src/stm32f0xx_it.o
 .debug_aranges
                0x000002b0       0x28 ./Core/Src/system_stm32f0xx.o
 .debug_aranges
                0x000002d8       0x50 ./Core/Src/tim.o
 .debug_aranges
                0x00000328       0x30 ./Core/Src/usart.o
 .debug_aranges
                0x00000358       0x28 ./Core/Startup/startup_stm32f031k6tx.o
 .debug_aranges
                0x00000380       0xd0 ./Drivers/STM32F0xx_HAL_Driver/Src/stm32f0xx_hal.o
 .debug_aranges
                0x00000450       0xf8 ./Drivers/STM32F0xx_HAL_Driver/Src/stm32f0xx_hal_adc.o
 .debug_aranges
                0x00000548       0x20 ./Drivers/STM32F0xx_HAL_Driver/Src/stm32f0xx_hal_adc_ex.o
 .debug_aranges
                0x00000568       0xc0 ./Drivers/STM32F0xx_HAL_Driver/Src/stm32f0xx_hal_cortex.o
 .debug_aranges
                0x00000628       0x88 ./Drivers/STM32F0xx_HAL_Driver/Src/stm32f0xx_hal_dma.o
 .debug_aranges
                0x000006b0       0x58 ./Drivers/STM32F0xx_HAL_Driver/Src/stm32f0xx_hal_gpio.o
 .debug_aranges
                0x00000708      0x2a0 ./Drivers/STM32F0xx_HAL_Driver/Src/stm32f0xx_hal_i2c.o
 .debug_aranges
                0x000009a8       0x48 ./Drivers/STM32F0xx_HAL_Driver/Src/stm32f0xx_hal_i2c_ex.o
 .debug_aranges
                0x000009f0       0x80 ./Drivers/STM32F0xx_HAL_Driver/Src/stm32f0xx_hal_rcc.o
 .debug_aranges
                0x00000a70       0x30 ./Drivers/STM32F0xx_HAL_Driver/Src/stm32f0xx_hal_rcc_ex.o
 .debug_aranges
                0x00000aa0      0x3d0 ./Drivers/STM32F0xx_HAL_Driver/Src/stm32f0xx_hal_tim.o
 .debug_aranges
                0x00000e70      0x168 ./Drivers/STM32F0xx_HAL_Driver/Src/stm32f0xx_hal_tim_ex.o
 .debug_aranges
                0x00000fd8      0x228 ./Drivers/STM32F0xx_HAL_Driver/Src/stm32f0xx_hal_uart.o
 .debug_aranges
                0x00001200       0x70 ./Drivers/STM32F0xx_HAL_Driver/Src/stm32f0xx_hal_uart_ex.o

.debug_rnglists
                0x00000000      0xea6
 .debug_rnglists
                0x00000000       0x21 ./Core/Src/adc.o
 .debug_rnglists
                0x00000021       0xcf ./Core/Src/comm.o
 .debug_rnglists
                0x000000f0       0x13 ./Core/Src/dma.o
 .debug_rnglists
                0x00000103       0x14 ./Core/Src/gpio.o
 .debug_rnglists
                0x00000117       0x38 ./Core/Src/hx711.o
 .debug_rnglists
                0x0000014f       0x21 ./Core/Src/i2c.o
 .debug_rnglists
                0x00000170       0x5b ./Core/Src/main.o
 .debug_rnglists
                0x000001cb       0x13 ./Core/Src/stm32f0xx_hal_msp.o
 .debug_rnglists
                0x000001de       0x43 ./Core/Src/stm32f0xx_it.o
 .debug_rnglists
                0x00000221       0x1a ./Core/Src/system_stm32f0xx.o
 .debug_rnglists
                0x0000023b       0x3b ./Core/Src/tim.o
 .debug_rnglists
                0x00000276       0x20 ./Core/Src/usart.o
 .debug_rnglists
                0x00000296       0x19 ./Core/Startup/startup_stm32f031k6tx.o
 .debug_rnglists
                0x000002af       0x97 ./Drivers/STM32F0xx_HAL_Driver/Src/stm32f0xx_hal.o
 .debug_rnglists
                0x00000346       0xc6 ./Drivers/STM32F0xx_HAL_Driver/Src/stm32f0xx_hal_adc.o
 .debug_rnglists
                0x0000040c       0x14 ./Drivers/STM32F0xx_HAL_Driver/Src/stm32f0xx_hal_adc_ex.o
 .debug_rnglists
                0x00000420       0x8c ./Drivers/STM32F0xx_HAL_Driver/Src/stm32f0xx_hal_cortex.o
 .debug_rnglists
                0x000004ac       0x6a ./Drivers/STM32F0xx_HAL_Driver/Src/stm32f0xx_hal_dma.o
 .debug_rnglists
                0x00000516       0x3f ./Drivers/STM32F0xx_HAL_Driver/Src/stm32f0xx_hal_gpio.o
 .debug_rnglists
                0x00000555      0x229 ./Drivers/STM32F0xx_HAL_Driver/Src/stm32f0xx_hal_i2c.o
 .debug_rnglists
                0x0000077e       0x35 ./Drivers/STM32F0xx_HAL_Driver/Src/stm32f0xx_hal_i2c_ex.o
 .debug_rnglists
                0x000007b3       0x61 ./Drivers/STM32F0xx_HAL_Driver/Src/stm32f0xx_hal_rcc.o
 .debug_rnglists
                0x00000814       0x21 ./Drivers/STM32F0xx_HAL_Driver/Src/stm32f0xx_hal_rcc_ex.o
 .debug_rnglists
                0x00000835      0x31c ./Drivers/STM32F0xx_HAL_Driver/Src/stm32f0xx_hal_tim.o
 .debug_rnglists
                0x00000b51      0x126 ./Drivers/STM32F0xx_HAL_Driver/Src/stm32f0xx_hal_tim_ex.o
 .debug_rnglists
                0x00000c77      0x1db ./Drivers/STM32F0xx_HAL_Driver/Src/stm32f0xx_hal_uart.o
 .debug_rnglists
                0x00000e52       0x54 ./Drivers/STM32F0xx_HAL_Driver/Src/stm32f0xx_hal_uart_ex.o

.debug_macro    0x00000000    0x1290a
 .debug_macro   0x00000000      0x1ef ./Core/Src/adc.o
 .debug_macro   0x000001ef      0xaae ./Core/Src/adc.o
 .debug_macro   0x00000c9d      0x139 ./Core/Src/adc.o
 .debug_macro   0x00000dd6       0x2e ./Core/Src/adc.o
 .debug_macro   0x00000e04       0x22 ./Core/Src/adc.o
 .debug_macro   0x00000e26       0x22 ./Core/Src/adc.o
 .debug_macro   0x00000e48       0x8e ./Core/Src/adc.o
 .debug_macro   0x00000ed6       0x51 ./Core/Src/adc.o
 .debug_macro   0x00000f27      0x103 ./Core/Src/adc.o
 .debug_macro   0x0000102a       0x6a ./Core/Src/adc.o
 .debug_macro   0x00001094      0x1df ./Core/Src/adc.o
 .debug_macro   0x00001273       0x1c ./Core/Src/adc.o
 .debug_macro   0x0000128f       0x22 ./Core/Src/adc.o
 .debug_macro   0x000012b1       0xaf ./Core/Src/adc.o
 .debug_macro   0x00001360      0x391 ./Core/Src/adc.o
 .debug_macro   0x000016f1     0x754b ./Core/Src/adc.o
 .debug_macro   0x00008c3c       0x66 ./Core/Src/adc.o
 .debug_macro   0x00008ca2     0x34da ./Core/Src/adc.o
 .debug_macro   0x0000c17c      0x190 ./Core/Src/adc.o
 .debug_macro   0x0000c30c       0x55 ./Core/Src/adc.o
 .debug_macro   0x0000c361      0x924 ./Core/Src/adc.o
 .debug_macro   0x0000cc85       0xe5 ./Core/Src/adc.o
 .debug_macro   0x0000cd6a      0x1ae ./Core/Src/adc.o
 .debug_macro   0x0000cf18       0xce ./Core/Src/adc.o
 .debug_macro   0x0000cfe6      0x199 ./Core/Src/adc.o
 .debug_macro   0x0000d17f      0x1ed ./Core/Src/adc.o
 .debug_macro   0x0000d36c       0x34 ./Core/Src/adc.o
 .debug_macro   0x0000d3a0       0x43 ./Core/Src/adc.o
 .debug_macro   0x0000d3e3       0x28 ./Core/Src/adc.o
 .debug_macro   0x0000d40b      0x33d ./Core/Src/adc.o
 .debug_macro   0x0000d748       0xd4 ./Core/Src/adc.o
 .debug_macro   0x0000d81c       0xb0 ./Core/Src/adc.o
 .debug_macro   0x0000d8cc      0x15a ./Core/Src/adc.o
 .debug_macro   0x0000da26      0x22c ./Core/Src/adc.o
 .debug_macro   0x0000dc52       0x61 ./Core/Src/adc.o
 .debug_macro   0x0000dcb3       0xa5 ./Core/Src/adc.o
 .debug_macro   0x0000dd58       0x4c ./Core/Src/adc.o
 .debug_macro   0x0000dda4      0x112 ./Core/Src/adc.o
 .debug_macro   0x0000deb6      0x8f4 ./Core/Src/adc.o
 .debug_macro   0x0000e7aa       0x28 ./Core/Src/adc.o
 .debug_macro   0x0000e7d2      0x5ba ./Core/Src/adc.o
 .debug_macro   0x0000ed8c       0x3e ./Core/Src/adc.o
 .debug_macro   0x0000edca      0x106 ./Core/Src/adc.o
 .debug_macro   0x0000eed0       0x34 ./Core/Src/adc.o
 .debug_macro   0x0000ef04      0x2d1 ./Core/Src/comm.o
 .debug_macro   0x0000f1d5       0x61 ./Core/Src/comm.o
 .debug_macro   0x0000f236       0x24 ./Core/Src/comm.o
 .debug_macro   0x0000f25a       0x43 ./Core/Src/comm.o
 .debug_macro   0x0000f29d       0x34 ./Core/Src/comm.o
 .debug_macro   0x0000f2d1      0x370 ./Core/Src/comm.o
 .debug_macro   0x0000f641       0x16 ./Core/Src/comm.o
 .debug_macro   0x0000f657       0x4a ./Core/Src/comm.o
 .debug_macro   0x0000f6a1       0x34 ./Core/Src/comm.o
 .debug_macro   0x0000f6d5       0x10 ./Core/Src/comm.o
 .debug_macro   0x0000f6e5       0x58 ./Core/Src/comm.o
 .debug_macro   0x0000f73d       0x8e ./Core/Src/comm.o
 .debug_macro   0x0000f7cb       0x1c ./Core/Src/comm.o
 .debug_macro   0x0000f7e7      0x185 ./Core/Src/comm.o
 .debug_macro   0x0000f96c       0x10 ./Core/Src/comm.o
 .debug_macro   0x0000f97c       0x3c ./Core/Src/comm.o
 .debug_macro   0x0000f9b8       0x20 ./Core/Src/comm.o
 .debug_macro   0x0000f9d8      0x1ef ./Core/Src/dma.o
 .debug_macro   0x0000fbc7      0x1ef ./Core/Src/gpio.o
 .debug_macro   0x0000fdb6      0x1f4 ./Core/Src/hx711.o
 .debug_macro   0x0000ffaa       0x1c ./Core/Src/hx711.o
 .debug_macro   0x0000ffc6      0x1ef ./Core/Src/i2c.o
 .debug_macro   0x000101b5      0x286 ./Core/Src/main.o
 .debug_macro   0x0001043b       0x22 ./Core/Src/main.o
 .debug_macro   0x0001045d      0x1e5 ./Core/Src/stm32f0xx_hal_msp.o
 .debug_macro   0x00010642      0x209 ./Core/Src/stm32f0xx_it.o
 .debug_macro   0x0001084b      0x1d6 ./Core/Src/system_stm32f0xx.o
 .debug_macro   0x00010a21      0x1ef ./Core/Src/tim.o
 .debug_macro   0x00010c10      0x1ef ./Core/Src/usart.o
 .debug_macro   0x00010dff      0x1fa ./Drivers/STM32F0xx_HAL_Driver/Src/stm32f0xx_hal.o
 .debug_macro   0x00010ff9      0x1fa ./Drivers/STM32F0xx_HAL_Driver/Src/stm32f0xx_hal_adc.o
 .debug_macro   0x000111f3      0x1e2 ./Drivers/STM32F0xx_HAL_Driver/Src/stm32f0xx_hal_adc_ex.o
 .debug_macro   0x000113d5      0x1d6 ./Drivers/STM32F0xx_HAL_Driver/Src/stm32f0xx_hal_cortex.o
 .debug_macro   0x000115ab      0x1d6 ./Drivers/STM32F0xx_HAL_Driver/Src/stm32f0xx_hal_dma.o
 .debug_macro   0x00011781      0x1dd ./Drivers/STM32F0xx_HAL_Driver/Src/stm32f0xx_hal_gpio.o
 .debug_macro   0x0001195e      0x2a2 ./Drivers/STM32F0xx_HAL_Driver/Src/stm32f0xx_hal_i2c.o
 .debug_macro   0x00011c00      0x1d6 ./Drivers/STM32F0xx_HAL_Driver/Src/stm32f0xx_hal_i2c_ex.o
 .debug_macro   0x00011dd6      0x1e8 ./Drivers/STM32F0xx_HAL_Driver/Src/stm32f0xx_hal_rcc.o
 .debug_macro   0x00011fbe      0x1d6 ./Drivers/STM32F0xx_HAL_Driver/Src/stm32f0xx_hal_rcc_ex.o
 .debug_macro   0x00012194      0x1d7 ./Drivers/STM32F0xx_HAL_Driver/Src/stm32f0xx_hal_tim.o
 .debug_macro   0x0001236b      0x1d6 ./Drivers/STM32F0xx_HAL_Driver/Src/stm32f0xx_hal_tim_ex.o
 .debug_macro   0x00012541      0x1f3 ./Drivers/STM32F0xx_HAL_Driver/Src/stm32f0xx_hal_uart.o
 .debug_macro   0x00012734      0x1d6 ./Drivers/STM32F0xx_HAL_Driver/Src/stm32f0xx_hal_uart_ex.o

.debug_line     0x00000000    0x1986c
 .debug_line    0x00000000      0x886 ./Core/Src/adc.o
 .debug_line    0x00000886      0xf93 ./Core/Src/comm.o
 .debug_line    0x00001819      0x791 ./Core/Src/dma.o
 .debug_line    0x00001faa      0x7ac ./Core/Src/gpio.o
 .debug_line    0x00002756      0x8b8 ./Core/Src/hx711.o
 .debug_line    0x0000300e      0x82d ./Core/Src/i2c.o
 .debug_line    0x0000383b      0xc90 ./Core/Src/main.o
 .debug_line    0x000044cb      0x793 ./Core/Src/stm32f0xx_hal_msp.o
 .debug_line    0x00004c5e      0x87a ./Core/Src/stm32f0xx_it.o
 .debug_line    0x000054d8      0x803 ./Core/Src/system_stm32f0xx.o
 .debug_line    0x00005cdb      0x977 ./Core/Src/tim.o
 .debug_line    0x00006652      0x858 ./Core/Src/usart.o
 .debug_line    0x00006eaa       0x7b ./Core/Startup/startup_stm32f031k6tx.o
 .debug_line    0x00006f25      0xa12 ./Drivers/STM32F0xx_HAL_Driver/Src/stm32f0xx_hal.o
 .debug_line    0x00007937     0x122e ./Drivers/STM32F0xx_HAL_Driver/Src/stm32f0xx_hal_adc.o
 .debug_line    0x00008b65      0x82a ./Drivers/STM32F0xx_HAL_Driver/Src/stm32f0xx_hal_adc_ex.o
 .debug_line    0x0000938f      0xaba ./Drivers/STM32F0xx_HAL_Driver/Src/stm32f0xx_hal_cortex.o
 .debug_line    0x00009e49      0xd16 ./Drivers/STM32F0xx_HAL_Driver/Src/stm32f0xx_hal_dma.o
 .debug_line    0x0000ab5f      0xb64 ./Drivers/STM32F0xx_HAL_Driver/Src/stm32f0xx_hal_gpio.o
 .debug_line    0x0000b6c3     0x37a6 ./Drivers/STM32F0xx_HAL_Driver/Src/stm32f0xx_hal_i2c.o
 .debug_line    0x0000ee69      0x8f9 ./Drivers/STM32F0xx_HAL_Driver/Src/stm32f0xx_hal_i2c_ex.o
 .debug_line    0x0000f762      0xea3 ./Drivers/STM32F0xx_HAL_Driver/Src/stm32f0xx_hal_rcc.o
 .debug_line    0x00010605      0x97a ./Drivers/STM32F0xx_HAL_Driver/Src/stm32f0xx_hal_rcc_ex.o
 .debug_line    0x00010f7f     0x3708 ./Drivers/STM32F0xx_HAL_Driver/Src/stm32f0xx_hal_tim.o
 .debug_line    0x00014687     0x18e8 ./Drivers/STM32F0xx_HAL_Driver/Src/stm32f0xx_hal_tim_ex.o
 .debug_line    0x00015f6f     0x2d31 ./Drivers/STM32F0xx_HAL_Driver/Src/stm32f0xx_hal_uart.o
 .debug_line    0x00018ca0      0xbcc ./Drivers/STM32F0xx_HAL_Driver/Src/stm32f0xx_hal_uart_ex.o

.debug_str      0x00000000    0x6b265
 .debug_str     0x00000000    0x6b265 ./Core/Src/adc.o
                              0x632bf (size before relaxing)
 .debug_str     0x0006b265    0x666a6 ./Core/Src/comm.o
 .debug_str     0x0006b265    0x62f60 ./Core/Src/dma.o
 .debug_str     0x0006b265    0x62e9a ./Core/Src/gpio.o
 .debug_str     0x0006b265    0x62eeb ./Core/Src/hx711.o
 .debug_str     0x0006b265    0x63397 ./Core/Src/i2c.o
 .debug_str     0x0006b265    0x63f8b ./Core/Src/main.o
 .debug_str     0x0006b265    0x62dcf ./Core/Src/stm32f0xx_hal_msp.o
 .debug_str     0x0006b265    0x635cf ./Core/Src/stm32f0xx_it.o
 .debug_str     0x0006b265    0x62d7c ./Core/Src/system_stm32f0xx.o
 .debug_str     0x0006b265    0x6387a ./Core/Src/tim.o
 .debug_str     0x0006b265    0x63504 ./Core/Src/usart.o
 .debug_str     0x0006b265       0x7a ./Core/Startup/startup_stm32f031k6tx.o
 .debug_str     0x0006b265    0x632ee ./Drivers/STM32F0xx_HAL_Driver/Src/stm32f0xx_hal.o
 .debug_str     0x0006b265    0x63489 ./Drivers/STM32F0xx_HAL_Driver/Src/stm32f0xx_hal_adc.o
 .debug_str     0x0006b265    0x63103 ./Drivers/STM32F0xx_HAL_Driver/Src/stm32f0xx_hal_adc_ex.o
 .debug_str     0x0006b265    0x630df ./Drivers/STM32F0xx_HAL_Driver/Src/stm32f0xx_hal_cortex.o
 .debug_str     0x0006b265    0x63122 ./Drivers/STM32F0xx_HAL_Driver/Src/stm32f0xx_hal_dma.o
 .debug_str     0x0006b265    0x62f1d ./Drivers/STM32F0xx_HAL_Driver/Src/stm32f0xx_hal_gpio.o
 .debug_str     0x0006b265    0x640da ./Drivers/STM32F0xx_HAL_Driver/Src/stm32f0xx_hal_i2c.o
 .debug_str     0x0006b265    0x632da ./Drivers/STM32F0xx_HAL_Driver/Src/stm32f0xx_hal_i2c_ex.o
 .debug_str     0x0006b265    0x631b8 ./Drivers/STM32F0xx_HAL_Driver/Src/stm32f0xx_hal_rcc.o
 .debug_str     0x0006b265    0x62ec5 ./Drivers/STM32F0xx_HAL_Driver/Src/stm32f0xx_hal_rcc_ex.o
 .debug_str     0x0006b265    0x64192 ./Drivers/STM32F0xx_HAL_Driver/Src/stm32f0xx_hal_tim.o
 .debug_str     0x0006b265    0x6399e ./Drivers/STM32F0xx_HAL_Driver/Src/stm32f0xx_hal_tim_ex.o
 .debug_str     0x0006b265    0x63ae0 ./Drivers/STM32F0xx_HAL_Driver/Src/stm32f0xx_hal_uart.o
 .debug_str     0x0006b265    0x63411 ./Drivers/STM32F0xx_HAL_Driver/Src/stm32f0xx_hal_uart_ex.o

.comment        0x00000000       0x43
 .comment       0x00000000       0x43 ./Core/Src/adc.o
                                 0x44 (size before relaxing)
 .comment       0x00000043       0x44 ./Core/Src/comm.o
 .comment       0x00000043       0x44 ./Core/Src/dma.o
 .comment       0x00000043       0x44 ./Core/Src/gpio.o
 .comment       0x00000043       0x44 ./Core/Src/hx711.o
 .comment       0x00000043       0x44 ./Core/Src/i2c.o
 .comment       0x00000043       0x44 ./Core/Src/main.o
 .comment       0x00000043       0x44 ./Core/Src/stm32f0xx_hal_msp.o
 .comment       0x00000043       0x44 ./Core/Src/stm32f0xx_it.o
 .comment       0x00000043       0x44 ./Core/Src/system_stm32f0xx.o
 .comment       0x00000043       0x44 ./Core/Src/tim.o
 .comment       0x00000043       0x44 ./Core/Src/usart.o
 .comment       0x00000043       0x44 ./Drivers/STM32F0xx_HAL_Driver/Src/stm32f0xx_hal.o
 .comment       0x00000043       0x44 ./Drivers/STM32F0xx_HAL_Driver/Src/stm32f0xx_hal_adc.o
 .comment       0x00000043       0x44 ./Drivers/STM32F0xx_HAL_Driver/Src/stm32f0xx_hal_adc_ex.o
 .comment       0x00000043       0x44 ./Drivers/STM32F0xx_HAL_Driver/Src/stm32f0xx_hal_cortex.o
 .comment       0x00000043       0x44 ./Drivers/STM32F0xx_HAL_Driver/Src/stm32f0xx_hal_dma.o
 .comment       0x00000043       0x44 ./Drivers/STM32F0xx_HAL_Driver/Src/stm32f0xx_hal_gpio.o
 .comment       0x00000043       0x44 ./Drivers/STM32F0xx_HAL_Driver/Src/stm32f0xx_hal_i2c.o
 .comment       0x00000043       0x44 ./Drivers/STM32F0xx_HAL_Driver/Src/stm32f0xx_hal_i2c_ex.o
 .comment       0x00000043       0x44 ./Drivers/STM32F0xx_HAL_Driver/Src/stm32f0xx_hal_rcc.o
 .comment       0x00000043       0x44 ./Drivers/STM32F0xx_HAL_Driver/Src/stm32f0xx_hal_rcc_ex.o
 .comment       0x00000043       0x44 ./Drivers/STM32F0xx_HAL_Driver/Src/stm32f0xx_hal_tim.o
 .comment       0x00000043       0x44 ./Drivers/STM32F0xx_HAL_Driver/Src/stm32f0xx_hal_tim_ex.o
 .comment       0x00000043       0x44 ./Drivers/STM32F0xx_HAL_Driver/Src/stm32f0xx_hal_uart.o
 .comment       0x00000043       0x44 ./Drivers/STM32F0xx_HAL_Driver/Src/stm32f0xx_hal_uart_ex.o

.debug_frame    0x00000000     0x4288
 .debug_frame   0x00000000       0x70 ./Core/Src/adc.o
 .debug_frame   0x00000070      0x2d8 ./Core/Src/comm.o
 .debug_frame   0x00000348       0x30 ./Core/Src/dma.o
 .debug_frame   0x00000378       0x30 ./Core/Src/gpio.o
 .debug_frame   0x000003a8       0xdc ./Core/Src/hx711.o
 .debug_frame   0x00000484       0x6c ./Core/Src/i2c.o
 .debug_frame   0x000004f0      0x184 ./Core/Src/main.o
 .debug_frame   0x00000674       0x30 ./Core/Src/stm32f0xx_hal_msp.o
 .debug_frame   0x000006a4      0x10c ./Core/Src/stm32f0xx_it.o
 .debug_frame   0x000007b0       0x4c ./Core/Src/system_stm32f0xx.o
 .debug_frame   0x000007fc       0xf0 ./Core/Src/tim.o
 .debug_frame   0x000008ec       0x6c ./Core/Src/usart.o
 .debug_frame   0x00000958      0x2a4 ./Drivers/STM32F0xx_HAL_Driver/Src/stm32f0xx_hal.o
 .debug_frame   0x00000bfc      0x3a0 ./Drivers/STM32F0xx_HAL_Driver/Src/stm32f0xx_hal_adc.o
 .debug_frame   0x00000f9c       0x30 ./Drivers/STM32F0xx_HAL_Driver/Src/stm32f0xx_hal_adc_ex.o
 .debug_frame   0x00000fcc      0x2a0 ./Drivers/STM32F0xx_HAL_Driver/Src/stm32f0xx_hal_cortex.o
 .debug_frame   0x0000126c      0x1d0 ./Drivers/STM32F0xx_HAL_Driver/Src/stm32f0xx_hal_dma.o
 .debug_frame   0x0000143c      0x110 ./Drivers/STM32F0xx_HAL_Driver/Src/stm32f0xx_hal_gpio.o
 .debug_frame   0x0000154c      0xa68 ./Drivers/STM32F0xx_HAL_Driver/Src/stm32f0xx_hal_i2c.o
 .debug_frame   0x00001fb4       0xd0 ./Drivers/STM32F0xx_HAL_Driver/Src/stm32f0xx_hal_i2c_ex.o
 .debug_frame   0x00002084      0x198 ./Drivers/STM32F0xx_HAL_Driver/Src/stm32f0xx_hal_rcc.o
 .debug_frame   0x0000221c       0x70 ./Drivers/STM32F0xx_HAL_Driver/Src/stm32f0xx_hal_rcc_ex.o
 .debug_frame   0x0000228c      0xf00 ./Drivers/STM32F0xx_HAL_Driver/Src/stm32f0xx_hal_tim.o
 .debug_frame   0x0000318c      0x560 ./Drivers/STM32F0xx_HAL_Driver/Src/stm32f0xx_hal_tim_ex.o
 .debug_frame   0x000036ec      0x850 ./Drivers/STM32F0xx_HAL_Driver/Src/stm32f0xx_hal_uart.o
 .debug_frame   0x00003f3c      0x174 ./Drivers/STM32F0xx_HAL_Driver/Src/stm32f0xx_hal_uart_ex.o
 .debug_frame   0x000040b0       0x20 C:/ST/STM32CubeIDE_1.15.0/STM32CubeIDE/plugins/com.st.stm32cube.ide.mcu.externaltools.gnu-tools-for-stm32.13.3.rel1.win32_1.0.0.202411081344/tools/bin/../lib/gcc/arm-none-eabi/13.3.1/../../../../arm-none-eabi/lib/thumb/v6-m/nofp\libc_nano.a(libc_a-memset.o)
 .debug_frame   0x000040d0       0x2c C:/ST/STM32CubeIDE_1.15.0/STM32CubeIDE/plugins/com.st.stm32cube.ide.mcu.externaltools.gnu-tools-for-stm32.13.3.rel1.win32_1.0.0.202411081344/tools/bin/../lib/gcc/arm-none-eabi/13.3.1/../../../../arm-none-eabi/lib/thumb/v6-m/nofp\libc_nano.a(libc_a-init.o)
 .debug_frame   0x000040fc       0x28 C:/ST/STM32CubeIDE_1.15.0/STM32CubeIDE/plugins/com.st.stm32cube.ide.mcu.externaltools.gnu-tools-for-stm32.13.3.rel1.win32_1.0.0.202411081344/tools/bin/../lib/gcc/arm-none-eabi/13.3.1/../../../../arm-none-eabi/lib/thumb/v6-m/nofp\libc_nano.a(libc_a-memcpy-stub.o)
 .debug_frame   0x00004124       0x20 C:/ST/STM32CubeIDE_1.15.0/STM32CubeIDE/plugins/com.st.stm32cube.ide.mcu.externaltools.gnu-tools-for-stm32.13.3.rel1.win32_1.0.0.202411081344/tools/bin/../lib/gcc/arm-none-eabi/13.3.1/thumb/v6-m/nofp\libgcc.a(_udivsi3.o)
 .debug_frame   0x00004144       0x34 C:/ST/STM32CubeIDE_1.15.0/STM32CubeIDE/plugins/com.st.stm32cube.ide.mcu.externaltools.gnu-tools-for-stm32.13.3.rel1.win32_1.0.0.202411081344/tools/bin/../lib/gcc/arm-none-eabi/13.3.1/thumb/v6-m/nofp\libgcc.a(_muldi3.o)
 .debug_frame   0x00004178       0x3c C:/ST/STM32CubeIDE_1.15.0/STM32CubeIDE/plugins/com.st.stm32cube.ide.mcu.externaltools.gnu-tools-for-stm32.13.3.rel1.win32_1.0.0.202411081344/tools/bin/../lib/gcc/arm-none-eabi/13.3.1/thumb/v6-m/nofp\libgcc.a(_udivmoddi4.o)
 .debug_frame   0x000041b4       0x38 C:/ST/STM32CubeIDE_1.15.0/STM32CubeIDE/plugins/com.st.stm32cube.ide.mcu.externaltools.gnu-tools-for-stm32.13.3.rel1.win32_1.0.0.202411081344/tools/bin/../lib/gcc/arm-none-eabi/13.3.1/thumb/v6-m/nofp\libgcc.a(bpabi.o)
 .debug_frame   0x000041ec       0x38 C:/ST/STM32CubeIDE_1.15.0/STM32CubeIDE/plugins/com.st.stm32cube.ide.mcu.externaltools.gnu-tools-for-stm32.13.3.rel1.win32_1.0.0.202411081344/tools/bin/../lib/gcc/arm-none-eabi/13.3.1/thumb/v6-m/nofp\libgcc.a(divsf3.o)
 .debug_frame   0x00004224       0x28 C:/ST/STM32CubeIDE_1.15.0/STM32CubeIDE/plugins/com.st.stm32cube.ide.mcu.externaltools.gnu-tools-for-stm32.13.3.rel1.win32_1.0.0.202411081344/tools/bin/../lib/gcc/arm-none-eabi/13.3.1/thumb/v6-m/nofp\libgcc.a(floatunsisf.o)
 .debug_frame   0x0000424c       0x3c C:/ST/STM32CubeIDE_1.15.0/STM32CubeIDE/plugins/com.st.stm32cube.ide.mcu.externaltools.gnu-tools-for-stm32.13.3.rel1.win32_1.0.0.202411081344/tools/bin/../lib/gcc/arm-none-eabi/13.3.1/thumb/v6-m/nofp\libgcc.a(_divdi3.o)

.debug_line_str
                0x00000000       0x5e
 .debug_line_str
                0x00000000       0x5e ./Core/Startup/startup_stm32f031k6tx.o
